Component: ARM Compiler 5.06 update 7 (build 960) Tool: armlink [4d3601]

==============================================================================

Section Cross References

    stepper.o(i.Beep) refers to gpio.o(i.GPIOPinWrite) for GPIOPinWrite
    stepper.o(i.Beep) refers to stepper.o(.data) for beep1
    stepper.o(i.Countdown) refers to stepper.o(i.Timecount) for Timecount
    stepper.o(i.Countdown) refers to uart.o(i.UARTCharsAvail) for UARTCharsAvail
    stepper.o(i.Countdown) refers to uart.o(i.UARTCharGet) for UARTCharGet
    stepper.o(i.Countdown) refers to uart.o(i.UARTCharPutNonBlocking) for UARTCharPutNonBlocking
    stepper.o(i.Countdown) refers to stepper.o(i.Translate) for Translate
    stepper.o(i.Countdown) refers to stepper.o(i.I2C0_ReadByte) for I2C0_ReadByte
    stepper.o(i.Countdown) refers to stepper.o(i.Show_In_Seg) for Show_In_Seg
    stepper.o(i.Countdown) refers to stepper.o(i.Delay) for Delay
    stepper.o(i.Countdown) refers to stepper.o(.data) for uart_receive_char
    stepper.o(i.Countdown) refers to stepper.o(.bss) for uartdata
    stepper.o(i.Date) refers to stepper.o(i.Show_In_Seg) for Show_In_Seg
    stepper.o(i.Date) refers to stepper.o(.data) for year
    stepper.o(i.I2C0_ReadByte) refers to i2c.o(i.I2CMasterBusy) for I2CMasterBusy
    stepper.o(i.I2C0_ReadByte) refers to i2c.o(i.I2CMasterSlaveAddrSet) for I2CMasterSlaveAddrSet
    stepper.o(i.I2C0_ReadByte) refers to i2c.o(i.I2CMasterDataPut) for I2CMasterDataPut
    stepper.o(i.I2C0_ReadByte) refers to i2c.o(i.I2CMasterControl) for I2CMasterControl
    stepper.o(i.I2C0_ReadByte) refers to i2c.o(i.I2CMasterBusBusy) for I2CMasterBusBusy
    stepper.o(i.I2C0_ReadByte) refers to i2c.o(i.I2CMasterErr) for I2CMasterErr
    stepper.o(i.I2C0_ReadByte) refers to stepper.o(i.Delay) for Delay
    stepper.o(i.I2C0_ReadByte) refers to i2c.o(i.I2CMasterDataGet) for I2CMasterDataGet
    stepper.o(i.I2C0_WriteByte) refers to i2c.o(i.I2CMasterBusy) for I2CMasterBusy
    stepper.o(i.I2C0_WriteByte) refers to i2c.o(i.I2CMasterSlaveAddrSet) for I2CMasterSlaveAddrSet
    stepper.o(i.I2C0_WriteByte) refers to i2c.o(i.I2CMasterDataPut) for I2CMasterDataPut
    stepper.o(i.I2C0_WriteByte) refers to i2c.o(i.I2CMasterControl) for I2CMasterControl
    stepper.o(i.I2C0_WriteByte) refers to i2c.o(i.I2CMasterErr) for I2CMasterErr
    stepper.o(i.Reset) refers to stepper.o(i.I2C0_WriteByte) for I2C0_WriteByte
    stepper.o(i.Reset) refers to stepper.o(i.Delay) for Delay
    stepper.o(i.Reset) refers to stepper.o(i.I2C0_ReadByte) for I2C0_ReadByte
    stepper.o(i.Reset) refers to stepper.o(i.Start) for Start
    stepper.o(i.Reset) refers to stepper.o(.data) for key_pressed
    stepper.o(i.S800_GPIO_Init) refers to sysctl.o(i.SysCtlPeripheralEnable) for SysCtlPeripheralEnable
    stepper.o(i.S800_GPIO_Init) refers to sysctl.o(i.SysCtlPeripheralReady) for SysCtlPeripheralReady
    stepper.o(i.S800_GPIO_Init) refers to gpio.o(i.GPIOPinTypeGPIOOutput) for GPIOPinTypeGPIOOutput
    stepper.o(i.S800_GPIO_Init) refers to gpio.o(i.GPIOPinTypeGPIOInput) for GPIOPinTypeGPIOInput
    stepper.o(i.S800_GPIO_Init) refers to gpio.o(i.GPIOPadConfigSet) for GPIOPadConfigSet
    stepper.o(i.S800_I2C0_Init) refers to sysctl.o(i.SysCtlPeripheralEnable) for SysCtlPeripheralEnable
    stepper.o(i.S800_I2C0_Init) refers to gpio.o(i.GPIOPinConfigure) for GPIOPinConfigure
    stepper.o(i.S800_I2C0_Init) refers to gpio.o(i.GPIOPinTypeI2CSCL) for GPIOPinTypeI2CSCL
    stepper.o(i.S800_I2C0_Init) refers to gpio.o(i.GPIOPinTypeI2C) for GPIOPinTypeI2C
    stepper.o(i.S800_I2C0_Init) refers to i2c.o(i.I2CMasterInitExpClk) for I2CMasterInitExpClk
    stepper.o(i.S800_I2C0_Init) refers to i2c.o(i.I2CMasterEnable) for I2CMasterEnable
    stepper.o(i.S800_I2C0_Init) refers to stepper.o(i.I2C0_WriteByte) for I2C0_WriteByte
    stepper.o(i.S800_I2C0_Init) refers to stepper.o(.data) for ui32SysClock
    stepper.o(i.S800_QEI_Init) refers to sysctl.o(i.SysCtlPeripheralEnable) for SysCtlPeripheralEnable
    stepper.o(i.S800_QEI_Init) refers to sysctl.o(i.SysCtlPeripheralReady) for SysCtlPeripheralReady
    stepper.o(i.S800_QEI_Init) refers to gpio.o(i.GPIOPinConfigure) for GPIOPinConfigure
    stepper.o(i.S800_QEI_Init) refers to gpio.o(i.GPIOPinTypeGPIOOutput) for GPIOPinTypeGPIOOutput
    stepper.o(i.S800_QEI_Init) refers to gpio.o(i.GPIOPinWrite) for GPIOPinWrite
    stepper.o(i.S800_QEI_Init) refers to gpio.o(i.GPIOPinTypeQEI) for GPIOPinTypeQEI
    stepper.o(i.S800_QEI_Init) refers to qei.o(i.QEIConfigure) for QEIConfigure
    stepper.o(i.S800_QEI_Init) refers to qei.o(i.QEIEnable) for QEIEnable
    stepper.o(i.S800_UART_Init) refers to sysctl.o(i.SysCtlPeripheralEnable) for SysCtlPeripheralEnable
    stepper.o(i.S800_UART_Init) refers to sysctl.o(i.SysCtlPeripheralReady) for SysCtlPeripheralReady
    stepper.o(i.S800_UART_Init) refers to gpio.o(i.GPIOPinConfigure) for GPIOPinConfigure
[...]
    Removing sysctl.o(i.SysCtlClockSet), (288 bytes).
    Removing sysctl.o(i.SysCtlDeepSleep), (32 bytes).
    Removing sysctl.o(i.SysCtlDeepSleepClockConfigSet), (112 bytes).
    Removing sysctl.o(i.SysCtlDeepSleepClockSet), (12 bytes).
    Removing sysctl.o(i.SysCtlDeepSleepPowerSet), (12 bytes).
    Removing sysctl.o(i.SysCtlFlashSectorSizeGet), (56 bytes).
    Removing sysctl.o(i.SysCtlFlashSizeGet), (56 bytes).
    Removing sysctl.o(i.SysCtlGPIOAHBDisable), (28 bytes).
    Removing sysctl.o(i.SysCtlGPIOAHBEnable), (24 bytes).
    Removing sysctl.o(i.SysCtlIntClear), (12 bytes).
    Removing sysctl.o(i.SysCtlIntDisable), (16 bytes).
    Removing sysctl.o(i.SysCtlIntEnable), (16 bytes).
    Removing sysctl.o(i.SysCtlIntRegister), (20 bytes).
    Removing sysctl.o(i.SysCtlIntStatus), (16 bytes).
    Removing sysctl.o(i.SysCtlIntUnregister), (18 bytes).
    Removing sysctl.o(i.SysCtlLDODeepSleepGet), (12 bytes).
    Removing sysctl.o(i.SysCtlLDODeepSleepSet), (12 bytes).
    Removing sysctl.o(i.SysCtlLDOSleepGet), (12 bytes).
    Removing sysctl.o(i.SysCtlLDOSleepSet), (12 bytes).
    Removing sysctl.o(i.SysCtlMOSCConfigSet), (12 bytes).
    Removing sysctl.o(i.SysCtlNMIClear), (16 bytes).
    Removing sysctl.o(i.SysCtlNMIStatus), (12 bytes).
    Removing sysctl.o(i.SysCtlPIOSCCalibrate), (76 bytes).
    Removing sysctl.o(i.SysCtlPWMClockGet), (24 bytes).
    Removing sysctl.o(i.SysCtlPWMClockSet), (20 bytes).
    Removing sysctl.o(i.SysCtlPeripheralClockGating), (68 bytes).
    Removing sysctl.o(i.SysCtlPeripheralDeepSleepDisable), (40 bytes).
    Removing sysctl.o(i.SysCtlPeripheralDeepSleepEnable), (40 bytes).
    Removing sysctl.o(i.SysCtlPeripheralDisable), (40 bytes).
    Removing sysctl.o(i.SysCtlPeripheralPowerOff), (40 bytes).
    Removing sysctl.o(i.SysCtlPeripheralPowerOn), (40 bytes).
    Removing sysctl.o(i.SysCtlPeripheralPresent), (44 bytes).
    Removing sysctl.o(i.SysCtlPeripheralReset), (60 bytes).
    Removing sysctl.o(i.SysCtlPeripheralSleepDisable), (40 bytes).
    Removing sysctl.o(i.SysCtlPeripheralSleepEnable), (40 bytes).
    Removing sysctl.o(i.SysCtlReset), (16 bytes).
    Removing sysctl.o(i.SysCtlResetBehaviorGet), (12 bytes).
    Removing sysctl.o(i.SysCtlResetBehaviorSet), (12 bytes).
    Removing sysctl.o(i.SysCtlResetCauseClear), (16 bytes).
    Removing sysctl.o(i.SysCtlResetCauseGet), (12 bytes).
    Removing sysctl.o(i.SysCtlSRAMSizeGet), (16 bytes).
    Removing sysctl.o(i.SysCtlSleep), (4 bytes).
    Removing sysctl.o(i.SysCtlSleepPowerSet), (12 bytes).
    Removing sysctl.o(i.SysCtlUSBPLLDisable), (16 bytes).
    Removing sysctl.o(i.SysCtlUSBPLLEnable), (16 bytes).
    Removing sysctl.o(i.SysCtlVCOGet), (120 bytes).
    Removing sysctl.o(i.SysCtlVoltageEventClear), (16 bytes).
    Removing sysctl.o(i.SysCtlVoltageEventConfig), (12 bytes).
    Removing sysctl.o(i.SysCtlVoltageEventStatus), (12 bytes).
    Removing systick.o(i.SysTickDisable), (14 bytes).
    Removing systick.o(i.SysTickIntDisable), (14 bytes).
    Removing systick.o(i.SysTickIntRegister), (24 bytes).
    Removing systick.o(i.SysTickIntUnregister), (18 bytes).
    Removing systick.o(i.SysTickPeriodGet), (10 bytes).
    Removing systick.o(i.SysTickValueGet), (8 bytes).
    Removing uart.o(i.UART9BitAddrSend), (38 bytes).
    Removing uart.o(i.UART9BitAddrSet), (10 bytes).
    Removing uart.o(i.UART9BitDisable), (14 bytes).
    Removing uart.o(i.UART9BitEnable), (14 bytes).
    Removing uart.o(i.UARTBreakCtl), (18 bytes).
    Removing uart.o(i.UARTBusy), (8 bytes).
    Removing uart.o(i.UARTCharGetNonBlocking), (16 bytes).
    Removing uart.o(i.UARTClockSourceGet), (6 bytes).
    Removing uart.o(i.UARTClockSourceSet), (6 bytes).
    Removing uart.o(i.UARTConfigGetExpClk), (46 bytes).
    Removing uart.o(i.UARTDMADisable), (10 bytes).
    Removing uart.o(i.UARTDMAEnable), (8 bytes).
    Removing uart.o(i.UARTDisable), (30 bytes).
    Removing uart.o(i.UARTDisableSIR), (10 bytes).
    Removing uart.o(i.UARTEnable), (20 bytes).
    Removing uart.o(i.UARTEnableSIR), (18 bytes).
    Removing uart.o(i.UARTFIFODisable), (10 bytes).
    Removing uart.o(i.UARTFIFOEnable), (10 bytes).
    Removing uart.o(i.UARTFIFOLevelGet), (16 bytes).
    Removing uart.o(i.UARTFIFOLevelSet), (6 bytes).
    Removing uart.o(i.UARTFlowControlGet), (8 bytes).
    Removing uart.o(i.UARTFlowControlSet), (12 bytes).
    Removing uart.o(i.UARTIntDisable), (10 bytes).
    Removing uart.o(i.UARTIntRegister), (88 bytes).
    Removing uart.o(i.UARTIntUnregister), (88 bytes).
    Removing uart.o(i.UARTLoopbackEnable), (10 bytes).
    Removing uart.o(i.UARTModemControlClear), (14 bytes).
    Removing uart.o(i.UARTModemControlGet), (8 bytes).
    Removing uart.o(i.UARTModemControlSet), (12 bytes).
    Removing uart.o(i.UARTModemStatusGet), (10 bytes).
    Removing uart.o(i.UARTParityModeGet), (8 bytes).
    Removing uart.o(i.UARTParityModeSet), (12 bytes).
    Removing uart.o(i.UARTRxErrorClear), (6 bytes).
    Removing uart.o(i.UARTRxErrorGet), (8 bytes).
    Removing uart.o(i.UARTSmartCardDisable), (10 bytes).
    Removing uart.o(i.UARTSmartCardEnable), (22 bytes).
    Removing uart.o(i.UARTSpaceAvail), (10 bytes).
    Removing uart.o(i.UARTTxIntModeGet), (8 bytes).
    Removing uart.o(i.UARTTxIntModeSet), (12 bytes).
    Removing uart.o(.constdata), (128 bytes).

219 unused section(s) (total 6686 bytes) removed from the image.

==============================================================================

Image Symbol Table

    Local Symbols

    Symbol Name                              Value     Ov Type        Size  Object(Section)

    RESET                                    0x00000000   Section      512  startup_tm4c129.o(RESET)
    ../clib/angel/boardlib.s                 0x00000000   Number         0  boardinit1.o ABSOLUTE
    ../clib/angel/boardlib.s                 0x00000000   Number         0  boardinit2.o ABSOLUTE
    ../clib/angel/boardlib.s                 0x00000000   Number         0  boardinit3.o ABSOLUTE
    ../clib/angel/boardlib.s                 0x00000000   Number         0  boardshut.o ABSOLUTE
    ../clib/angel/dczerorl2.s                0x00000000   Number         0  __dczerorl2.o ABSOLUTE
    ../clib/angel/handlers.s                 0x00000000   Number         0  __scatter_zi.o ABSOLUTE
    ../clib/angel/kernel.s                   0x00000000   Number         0  __rtentry4.o ABSOLUTE
    ../clib/angel/kernel.s                   0x00000000   Number         0  __rtentry2.o ABSOLUTE
    ../clib/angel/kernel.s                   0x00000000   Number         0  __rtentry.o ABSOLUTE
    ../clib/angel/kernel.s                   0x00000000   Number         0  rtexit.o ABSOLUTE
    ../clib/angel/kernel.s                   0x00000000   Number         0  rtexit2.o ABSOLUTE
    ../clib/angel/rt.s                       0x00000000   Number         0  rt_raise.o ABSOLUTE
    ../clib/angel/scatter.s                  0x00000000   Number         0  __scatter.o ABSOLUTE
    ../clib/angel/startup.s                  0x00000000   Number         0  __main.o ABSOLUTE
    ../clib/angel/sys.s                      0x00000000   Number         0  sys_stackheap_outer.o ABSOLUTE
    ../clib/angel/sys.s                      0x00000000   Number         0  indicate_semi.o ABSOLUTE
    ../clib/angel/sys.s                      0x00000000   Number         0  use_no_semi.o ABSOLUTE
    ../clib/angel/sys.s                      0x00000000   Number         0  libspace.o ABSOLUTE
    ../clib/angel/sysapp.c                   0x00000000   Number         0  sys_wrch.o ABSOLUTE
    ../clib/angel/sysapp.c                   0x00000000   Number         0  sys_command.o ABSOLUTE
    ../clib/angel/sysapp.c                   0x00000000   Number         0  sys_exit.o ABSOLUTE
    ../clib/armsys.c                         0x00000000   Number         0  no_argv.o ABSOLUTE
    ../clib/armsys.c                         0x00000000   Number         0  _get_argv_nomalloc.o ABSOLUTE
    ../clib/armsys.c                         0x00000000   Number         0  argv_veneer.o ABSOLUTE
    ../clib/armsys.c                         0x00000000   Number         0  argv_veneer.o ABSOLUTE
    ../clib/heapalloc.c                      0x00000000   Number         0  hrguard.o ABSOLUTE
    ../clib/heapaux.c                        0x00000000   Number         0  heapauxi.o ABSOLUTE
    ../clib/libinit.s                        0x00000000   Number         0  libshutdown2.o ABSOLUTE
    ../clib/libinit.s                        0x00000000   Number         0  libinit.o ABSOLUTE
    ../clib/libinit.s                        0x00000000   Number         0  libinit2.o ABSOLUTE
    ../clib/libinit.s                        0x00000000   Number         0  libshutdown.o ABSOLUTE
    ../clib/signal.c                         0x00000000   Number         0  defsig_stak_inner.o ABSOLUTE
    ../clib/signal.c                         0x00000000   Number         0  defsig_rtred_inner.o ABSOLUTE
    ../clib/signal.c                         0x00000000   Number         0  defsig_fpe_inner.o ABSOLUTE
    ../clib/signal.c                         0x00000000   Number         0  defsig_abrt_inner.o ABSOLUTE
    ../clib/signal.c                         0x00000000   Number         0  defsig_cppl_inner.o ABSOLUTE
    ../clib/signal.c                         0x00000000   Number         0  defsig_general.o ABSOLUTE
    ../clib/signal.c                         0x00000000   Number         0  __raise.o ABSOLUTE
    ../clib/signal.c                         0x00000000   Number         0  defsig_exit.o ABSOLUTE
    ../clib/signal.c                         0x00000000   Number         0  defsig_segv_inner.o ABSOLUTE
    ../clib/signal.c                         0x00000000   Number         0  defsig_pvfn_inner.o ABSOLUTE
    ../clib/signal.c                         0x00000000   Number         0  defsig_rtmem_formal.o ABSOLUTE
    ../clib/signal.c                         0x00000000   Number         0  defsig_other.o ABSOLUTE
    ../clib/signal.c                         0x00000000   Number         0  defsig_rtmem_inner.o ABSOLUTE
    ../clib/signal.c                         0x00000000   Number         0  defsig_rtmem_outer.o ABSOLUTE
    ../clib/signal.s                         0x00000000   Number         0  defsig.o ABSOLUTE
    ../clib/stdlib.c                         0x00000000   Number         0  exit.o ABSOLUTE
    ../fplib/dfixu.s                         0x00000000   Number         0  dfixu.o ABSOLUTE
    ../fplib/dflt.s                          0x00000000   Number         0  dflt_clz.o ABSOLUTE
    ../fplib/dmul.s                          0x00000000   Number         0  dmul.o ABSOLUTE
    ../fplib/dnaninf.s                       0x00000000   Number         0  dnaninf.o ABSOLUTE
    ../fplib/dretinf.s                       0x00000000   Number         0  dretinf.o ABSOLUTE
    ../fplib/fpinit.s                        0x00000000   Number         0  fpinit.o ABSOLUTE
    ../fplib/usenofp.s                       0x00000000   Number         0  usenofp.o ABSOLUTE
    RTE\Device\TM4C1294NCPDT\startup_TM4C129.s 0x00000000   Number         0  startup_tm4c129.o ABSOLUTE
    RTE\Device\TM4C1294NCPDT\system_TM4C129.c 0x00000000   Number         0  system_tm4c129.o ABSOLUTE
    RTE\\Device\\TM4C1294NCPDT\\system_TM4C129.c 0x00000000   Number         0  system_tm4c129.o ABSOLUTE
    Stepper.c                                0x00000000   Number         0  stepper.o ABSOLUTE
    cpu.c                                    0x00000000   Number         0  cpu.o ABSOLUTE
    cpu.c                                    0x00000000   Number         0  cpu.o ABSOLUTE
    dc.s                                     0x00000000   Number         0  dc.o ABSOLUTE
    gpio.c                                   0x00000000   Number         0  gpio.o ABSOLUTE
    i2c.c                                    0x00000000   Number         0  i2c.o ABSOLUTE
    interrupt.c                              0x00000000   Number         0  interrupt.o ABSOLUTE
    qei.c                                    0x00000000   Number         0  qei.o ABSOLUTE
    sysctl.c                                 0x00000000   Number         0  sysctl.o ABSOLUTE
    sysctl.c                                 0x00000000   Number         0  sysctl.o ABSOLUTE
    systick.c                                0x00000000   Number         0  systick.o ABSOLUTE
    uart.c                                   0x00000000   Number         0  uart.o ABSOLUTE
    !!!main                                  0x00000200   Section        8  __main.o(!!!main)
    !!!scatter                               0x00000208   Section       52  __scatter.o(!!!scatter)
    !!dczerorl2                              0x0000023c   Section       90  __dczerorl2.o(!!dczerorl2)
    !!handler_zi                             0x00000298   Section       28  __scatter_zi.o(!!handler_zi)
    .ARM.Collect$$libinit$$00000000          0x000002b4   Section        2  libinit.o(.ARM.Collect$$libinit$$00000000)
    .ARM.Collect$$libinit$$00000001          0x000002b6   Section        4  libinit2.o(.ARM.Collect$$libinit$$00000001)
    .ARM.Collect$$libinit$$00000004          0x000002ba   Section        0  libinit2.o(.ARM.Collect$$libinit$$00000004)
    .ARM.Collect$$libinit$$0000000A          0x000002ba   Section        0  libinit2.o(.ARM.Collect$$libinit$$0000000A)
    .ARM.Collect$$libinit$$0000000C          0x000002ba   Section        0  libinit2.o(.ARM.Collect$$libinit$$0000000C)
    .ARM.Collect$$libinit$$0000000E          0x000002ba   Section        0  libinit2.o(.ARM.Collect$$libinit$$0000000E)
    .ARM.Collect$$libinit$$00000011          0x000002ba   Section        0  libinit2.o(.ARM.Collect$$libinit$$00000011)
    .ARM.Collect$$libinit$$00000013          0x000002ba   Section        0  libinit2.o(.ARM.Collect$$libinit$$00000013)
    .ARM.Collect$$libinit$$00000015          0x000002ba   Section        0  libinit2.o(.ARM.Collect$$libinit$$00000015)
    .ARM.Collect$$libinit$$00000017          0x000002ba   Section        0  libinit2.o(.ARM.Collect$$libinit$$00000017)
    .ARM.Collect$$libinit$$00000019          0x000002ba   Section        0  libinit2.o(.ARM.Collect$$libinit$$00000019)
    .ARM.Collect$$libinit$$0000001B          0x000002ba   Section        0  libinit2.o(.ARM.Collect$$libinit$$0000001B)
    .ARM.Collect$$libinit$$0000001D          0x000002ba   Section        0  libinit2.o(.ARM.Collect$$libinit$$0000001D)
    .ARM.Collect$$libinit$$0000001F          0x000002ba   Section        0  libinit2.o(.ARM.Collect$$libinit$$0000001F)
    .ARM.Collect$$libinit$$00000021          0x000002ba   Section        0  libinit2.o(.ARM.Collect$$libinit$$00000021)
    .ARM.Collect$$libinit$$00000023          0x000002ba   Section        0  libinit2.o(.ARM.Collect$$libinit$$00000023)
    .ARM.Collect$$libinit$$00000025          0x000002ba   Section        0  libinit2.o(.ARM.Collect$$libinit$$00000025)
    .ARM.Collect$$libinit$$0000002C          0x000002ba   Section        0  libinit2.o(.ARM.Collect$$libinit$$0000002C)
    .ARM.Collect$$libinit$$0000002E          0x000002ba   Section        0  libinit2.o(.ARM.Collect$$libinit$$0000002E)
    .ARM.Collect$$libinit$$00000030          0x000002ba   Section        0  libinit2.o(.ARM.Collect$$libinit$$00000030)
    .ARM.Collect$$libinit$$00000032          0x000002ba   Section        0  libinit2.o(.ARM.Collect$$libinit$$00000032)
    .ARM.Collect$$libinit$$00000033          0x000002ba   Section        2  libinit2.o(.ARM.Collect$$libinit$$00000033)
    .ARM.Collect$$libshutdown$$00000000      0x000002bc   Section        2  libshutdown.o(.ARM.Collect$$libshutdown$$00000000)
    .ARM.Collect$$libshutdown$$00000002      0x000002be   Section        0  libshutdown2.o(.ARM.Collect$$libshutdown$$00000002)
    .ARM.Collect$$libshutdown$$00000004      0x000002be   Section        0  libshutdown2.o(.ARM.Collect$$libshutdown$$00000004)
    .ARM.Collect$$libshutdown$$00000006      0x000002be   Section        0  libshutdown2.o(.ARM.Collect$$libshutdown$$00000006)
    .ARM.Collect$$libshutdown$$00000009      0x000002be   Section        0  libshutdown2.o(.ARM.Collect$$libshutdown$$00000009)
    .ARM.Collect$$libshutdown$$0000000C      0x000002be   Section        0  libshutdown2.o(.ARM.Collect$$libshutdown$$0000000C)
    .ARM.Collect$$libshutdown$$0000000E      0x000002be   Section        0  libshutdown2.o(.ARM.Collect$$libshutdown$$0000000E)
    .ARM.Collect$$libshutdown$$00000011      0x000002be   Section        0  libshutdown2.o(.ARM.Collect$$libshutdown$$00000011)
    .ARM.Collect$$libshutdown$$00000012      0x000002be   Section        2  libshutdown2.o(.ARM.Collect$$libshutdown$$00000012)
    .ARM.Collect$$rtentry$$00000000          0x000002c0   Section        0  __rtentry.o(.ARM.Collect$$rtentry$$00000000)
    .ARM.Collect$$rtentry$$00000002          0x000002c0   Section        0  __rtentry2.o(.ARM.Collect$$rtentry$$00000002)
    .ARM.Collect$$rtentry$$00000004          0x000002c0   Section        6  __rtentry4.o(.ARM.Collect$$rtentry$$00000004)
    .ARM.Collect$$rtentry$$00000009          0x000002c6   Section        0  __rtentry2.o(.ARM.Collect$$rtentry$$00000009)
    .ARM.Collect$$rtentry$$0000000A          0x000002c6   Section        4  __rtentry2.o(.ARM.Collect$$rtentry$$0000000A)
    .ARM.Collect$$rtentry$$0000000C          0x000002ca   Section        0  __rtentry2.o(.ARM.Collect$$rtentry$$0000000C)
    .ARM.Collect$$rtentry$$0000000D          0x000002ca   Section        8  __rtentry2.o(.ARM.Collect$$rtentry$$0000000D)
    .ARM.Collect$$rtexit$$00000000           0x000002d2   Section        2  rtexit.o(.ARM.Collect$$rtexit$$00000000)
    .ARM.Collect$$rtexit$$00000002           0x000002d4   Section        0  rtexit2.o(.ARM.Collect$$rtexit$$00000002)
    .ARM.Collect$$rtexit$$00000003           0x000002d4   Section        4  rtexit2.o(.ARM.Collect$$rtexit$$00000003)
    .ARM.Collect$$rtexit$$00000004           0x000002d8   Section        6  rtexit2.o(.ARM.Collect$$rtexit$$00000004)
    .emb_text                                0x000002e0   Section       38  cpu.o(.emb_text)
    $v0                                      0x000002e0   Number         0  cpu.o(.emb_text)
    .text                                    0x00000308   Section      300  startup_tm4c129.o(.text)
    $v0                                      0x00000308   Number         0  startup_tm4c129.o(.text)
    .text                                    0x00000434   Section        0  heapauxi.o(.text)
    .text                                    0x0000043a   Section       74  sys_stackheap_outer.o(.text)
    .text                                    0x00000484   Section        0  exit.o(.text)
    .text                                    0x00000498   Section        8  libspace.o(.text)
    .text                                    0x000004a0   Section        0  sys_exit.o(.text)
    .text                                    0x000004ac   Section        2  use_no_semi.o(.text)
    .text                                    0x000004ae   Section        0  indicate_semi.o(.text)
    i.Beep                                   0x000004b0   Section        0  stepper.o(i.Beep)
    i.Countdown                              0x0000063c   Section        0  stepper.o(i.Countdown)
    i.Date                                   0x000009dc   Section        0  stepper.o(i.Date)
    i.Delay                                  0x00000ae8   Section        0  stepper.o(i.Delay)
    i.GPIODirModeSet                         0x00000af4   Section        0  gpio.o(i.GPIODirModeSet)
    i.GPIOPadConfigSet                       0x00000b1c   Section        0  gpio.o(i.GPIOPadConfigSet)
    i.GPIOPinConfigure                       0x00000c54   Section        0  gpio.o(i.GPIOPinConfigure)
    i.GPIOPinRead                            0x00000c98   Section        0  gpio.o(i.GPIOPinRead)
    i.GPIOPinTypeGPIOInput                   0x00000c9e   Section        0  gpio.o(i.GPIOPinTypeGPIOInput)
    i.GPIOPinTypeGPIOOutput                  0x00000cba   Section        0  gpio.o(i.GPIOPinTypeGPIOOutput)
    i.GPIOPinTypeI2C                         0x00000cd6   Section        0  gpio.o(i.GPIOPinTypeI2C)
    i.GPIOPinTypeI2CSCL                      0x00000cf2   Section        0  gpio.o(i.GPIOPinTypeI2CSCL)
    i.GPIOPinTypeQEI                         0x00000d0e   Section        0  gpio.o(i.GPIOPinTypeQEI)
    i.GPIOPinTypeUART                        0x00000d2a   Section        0  gpio.o(i.GPIOPinTypeUART)
    i.GPIOPinWrite                           0x00000d46   Section        0  gpio.o(i.GPIOPinWrite)
    i.I2C0_ReadByte                          0x00000d4c   Section        0  stepper.o(i.I2C0_ReadByte)
    i.I2C0_WriteByte                         0x00000dd8   Section        0  stepper.o(i.I2C0_WriteByte)
    i.I2CMasterBusBusy                       0x00000e4c   Section        0  i2c.o(i.I2CMasterBusBusy)
    i.I2CMasterBusy                          0x00000e58   Section        0  i2c.o(i.I2CMasterBusy)
    i.I2CMasterControl                       0x00000e64   Section        0  i2c.o(i.I2CMasterControl)
    i.I2CMasterDataGet                       0x00000e68   Section        0  i2c.o(i.I2CMasterDataGet)
    i.I2CMasterDataPut                       0x00000e6c   Section        0  i2c.o(i.I2CMasterDataPut)
    i.I2CMasterEnable                        0x00000e70   Section        0  i2c.o(i.I2CMasterEnable)
    i.I2CMasterErr                           0x00000e7a   Section        0  i2c.o(i.I2CMasterErr)
    i.I2CMasterInitExpClk                    0x00000e94   Section        0  i2c.o(i.I2CMasterInitExpClk)
    i.I2CMasterSlaveAddrSet                  0x00000ee8   Section        0  i2c.o(i.I2CMasterSlaveAddrSet)
    i.IntEnable                              0x00000ef0   Section        0  interrupt.o(i.IntEnable)
    i.IntMasterEnable                        0x00000f54   Section        0  interrupt.o(i.IntMasterEnable)
    i.IntPriorityGroupingSet                 0x00000f64   Section        0  interrupt.o(i.IntPriorityGroupingSet)
    i.IntPrioritySet                         0x00000f80   Section        0  interrupt.o(i.IntPrioritySet)
    i.QEIConfigure                           0x00000fa8   Section        0  qei.o(i.QEIConfigure)
    i.QEIEnable                              0x00000fb6   Section        0  qei.o(i.QEIEnable)
    i.QEIPositionGet                         0x00000fc0   Section        0  qei.o(i.QEIPositionGet)
    i.Reset                                  0x00000fc4   Section        0  stepper.o(i.Reset)
    i.S800_GPIO_Init                         0x000010f8   Section        0  stepper.o(i.S800_GPIO_Init)
    i.S800_I2C0_Init                         0x000011a4   Section        0  stepper.o(i.S800_I2C0_Init)
    i.S800_QEI_Init                          0x0000123c   Section        0  stepper.o(i.S800_QEI_Init)
    i.S800_UART_Init                         0x000012b0   Section        0  stepper.o(i.S800_UART_Init)
    i.Show_In_Seg                            0x00001320   Section        0  stepper.o(i.Show_In_Seg)
    i.Solarterms                             0x0000168c   Section        0  stepper.o(i.Solarterms)
    i.Start                                  0x00001ae0   Section        0  stepper.o(i.Start)
    i.SysCtlClockFreqSet                     0x00001ed4   Section        0  sysctl.o(i.SysCtlClockFreqSet)
    i.SysCtlPeripheralEnable                 0x000021c0   Section        0  sysctl.o(i.SysCtlPeripheralEnable)
    i.SysCtlPeripheralReady                  0x000021e8   Section        0  sysctl.o(i.SysCtlPeripheralReady)
    i.SysTickEnable                          0x00002214   Section        0  systick.o(i.SysTickEnable)
    i.SysTickIntEnable                       0x00002222   Section        0  systick.o(i.SysTickIntEnable)
    i.SysTickPeriodSet                       0x00002230   Section        0  systick.o(i.SysTickPeriodSet)
    i.SysTick_Handler                        0x0000223c   Section        0  stepper.o(i.SysTick_Handler)
    i.SystemInit                             0x0000237c   Section        0  system_tm4c129.o(i.SystemInit)
    i.Timecount                              0x0000239c   Section        0  stepper.o(i.Timecount)
    i.Timeset                                0x000027a4   Section        0  stepper.o(i.Timeset)
    i.Timeshow                               0x00002928   Section        0  stepper.o(i.Timeshow)
    i.Translate                              0x00002a08   Section        0  stepper.o(i.Translate)
    i.UART0_Handler                          0x00002ca4   Section        0  stepper.o(i.UART0_Handler)
    i.UARTCharGet                            0x00002d20   Section        0  uart.o(i.UARTCharGet)
    i.UARTCharPut                            0x00002d2c   Section        0  uart.o(i.UARTCharPut)
    i.UARTCharPutNonBlocking                 0x00002d38   Section        0  uart.o(i.UARTCharPutNonBlocking)
    i.UARTCharsAvail                         0x00002d48   Section        0  uart.o(i.UARTCharsAvail)
    i.UARTConfigSetExpClk                    0x00002d52   Section        0  uart.o(i.UARTConfigSetExpClk)
    i.UARTIntClear                           0x00002dc0   Section        0  uart.o(i.UARTIntClear)
    i.UARTIntEnable                          0x00002dc4   Section        0  uart.o(i.UARTIntEnable)
    i.UARTIntStatus                          0x00002dcc   Section        0  uart.o(i.UARTIntStatus)
    i.UARTStringPut                          0x00002dd8   Section        0  stepper.o(i.UARTStringPut)
    i.main                                   0x00002df4   Section        0  stepper.o(i.main)
    x$fpl$dfixu                              0x00003374   Section       90  dfixu.o(x$fpl$dfixu)
    $v0                                      0x00003374   Number         0  dfixu.o(x$fpl$dfixu)
    x$fpl$dfltu                              0x000033ce   Section       38  dflt_clz.o(x$fpl$dfltu)
    $v0                                      0x000033ce   Number         0  dflt_clz.o(x$fpl$dfltu)
    x$fpl$dmul                               0x000033f4   Section      340  dmul.o(x$fpl$dmul)
    $v0                                      0x000033f4   Number         0  dmul.o(x$fpl$dmul)
    x$fpl$dnaninf                            0x00003548   Section      156  dnaninf.o(x$fpl$dnaninf)
    $v0                                      0x00003548   Number         0  dnaninf.o(x$fpl$dnaninf)
    x$fpl$dretinf                            0x000035e4   Section       12  dretinf.o(x$fpl$dretinf)
    $v0                                      0x000035e4   Number         0  dretinf.o(x$fpl$dretinf)
    x$fpl$fpinit                             0x000035f0   Section       10  fpinit.o(x$fpl$fpinit)
    $v0                                      0x000035f0   Number         0  fpinit.o(x$fpl$fpinit)
    x$fpl$usenofp                            0x000035fa   Section        0  usenofp.o(x$fpl$usenofp)
    .constdata                               0x000035fc   Section      552  gpio.o(.constdata)
    g_ppui32GPIOIntMapBlizzard               0x000035fc   Data         192  gpio.o(.constdata)
    g_ppui32GPIOIntMapSnowflake              0x000036bc   Data         216  gpio.o(.constdata)
    g_pui32GPIOBaseAddrs                     0x00003794   Data         144  gpio.o(.constdata)
    .constdata                               0x00003824   Section      268  interrupt.o(.constdata)
    g_pui32Priority                          0x00003824   Data          32  interrupt.o(.constdata)
    g_pui32Regs                              0x00003844   Data         156  interrupt.o(.constdata)
    g_pui32EnRegs                            0x000038e0   Data          20  interrupt.o(.constdata)
    g_pui32Dii16Regs                         0x000038f4   Data          20  interrupt.o(.constdata)
    g_pui32PendRegs                          0x00003908   Data          20  interrupt.o(.constdata)
    g_pui32UnpendRegs                        0x0000391c   Data          20  interrupt.o(.constdata)
    .constdata                               0x00003930   Section      596  sysctl.o(.constdata)
    g_pui32VCOFrequencies                    0x00003930   Data           8  sysctl.o(.constdata)
    g_pui32Xtals                             0x00003938   Data         108  sysctl.o(.constdata)
    g_pppui32XTALtoVCO                       0x000039a4   Data         432  sysctl.o(.constdata)
    g_sXTALtoMEMTIM                          0x00003b54   Data          48  sysctl.o(.constdata)
    .data                                    0x20000000   Section      312  stepper.o(.data)
    .data                                    0x20000138   Section        4  system_tm4c129.o(.data)
    .bss                                     0x2000013c   Section     1000  stepper.o(.bss)
    .bss                                     0x20000524   Section       96  libspace.o(.bss)
    HEAP                                     0x20000588   Section        0  startup_tm4c129.o(HEAP)
    STACK                                    0x20000588   Section      512  startup_tm4c129.o(STACK)
    Heap_Mem                                 0x20000588   Data           0  startup_tm4c129.o(HEAP)
    Stack_Mem                                0x20000588   Data         512  startup_tm4c129.o(STACK)
    __initial_sp                             0x20000788   Data           0  startup_tm4c129.o(STACK)

    Global Symbols

    Symbol Name                              Value     Ov Type        Size  Object(Section)

    BuildAttributes$$THM_ISAv4$E$P$D$K$B$S$7EM$VFPi3$EXTD16$VFPS$VFMA$PE$A:L22UL41UL21$X:L11$S22US41US21$IEEE1$IW$USESV6$~STKCKD$USESV7$~SHL$OTIME$ROPI$EBA8$UX$STANDARDLIB$REQ8$PRES8$EABIv2 0x00000000   Number         0  anon$$obj.o ABSOLUTE
    __ARM_use_no_argv                        0x00000000   Number         0  stepper.o ABSOLUTE
    __Vectors                                0x00000000   Data           4  startup_tm4c129.o(RESET)
    __ARM_exceptions_init                     - Undefined Weak Reference
    __alloca_initialize                       - Undefined Weak Reference
    __arm_fini_                               - Undefined Weak Reference
    __arm_preinit_                            - Undefined Weak Reference
    __cpp_initialize__aeabi_                  - Undefined Weak Reference
    __cxa_finalize                            - Undefined Weak Reference
    __rt_locale                               - Undefined Weak Reference
    __sigvec_lookup                           - Undefined Weak Reference
    _atexit_init                              - Undefined Weak Reference
    _call_atexit_fns                          - Undefined Weak Reference
    _clock_init                               - Undefined Weak Reference
    _fp_trap_init                             - Undefined Weak Reference
    _fp_trap_shutdown                         - Undefined Weak Reference
    _get_lc_collate                           - Undefined Weak Reference
    _get_lc_ctype                             - Undefined Weak Reference
    _get_lc_monetary                          - Undefined Weak Reference
    _get_lc_numeric                           - Undefined Weak Reference
    _get_lc_time                              - Undefined Weak Reference
    _getenv_init                              - Undefined Weak Reference
    _handle_redirection                       - Undefined Weak Reference
    _init_alloc                               - Undefined Weak Reference
    _init_user_alloc                          - Undefined Weak Reference
    _initio                                   - Undefined Weak Reference
    _rand_init                                - Undefined Weak Reference
    _signal_finish                            - Undefined Weak Reference
    _signal_init                              - Undefined Weak Reference
    _terminate_alloc                          - Undefined Weak Reference
    _terminate_user_alloc                     - Undefined Weak Reference
    _terminateio                              - Undefined Weak Reference
    __Vectors_End                            0x00000200   Data           0  startup_tm4c129.o(RESET)
    __Vectors_Size                           0x00000200   Number         0  startup_tm4c129.o ABSOLUTE
    __main                                   0x00000201   Thumb Code     8  __main.o(!!!main)
    __scatterload                            0x00000209   Thumb Code     0  __scatter.o(!!!scatter)
    __scatterload_rt2                        0x00000209   Thumb Code    44  __scatter.o(!!!scatter)
    __scatterload_rt2_thumb_only             0x00000209   Thumb Code     0  __scatter.o(!!!scatter)
    __scatterload_null                       0x00000217   Thumb Code     0  __scatter.o(!!!scatter)
    __decompress                             0x0000023d   Thumb Code    90  __dczerorl2.o(!!dczerorl2)
    __decompress1                            0x0000023d   Thumb Code     0  __dczerorl2.o(!!dczerorl2)
    __scatterload_zeroinit                   0x00000299   Thumb Code    28  __scatter_zi.o(!!handler_zi)
    __rt_lib_init                            0x000002b5   Thumb Code     0  libinit.o(.ARM.Collect$$libinit$$00000000)
    __rt_lib_init_fp_1                       0x000002b7   Thumb Code     0  libinit2.o(.ARM.Collect$$libinit$$00000001)
    __rt_lib_init_alloca_1                   0x000002bb   Thumb Code     0  libinit2.o(.ARM.Collect$$libinit$$0000002E)
    __rt_lib_init_argv_1                     0x000002bb   Thumb Code     0  libinit2.o(.ARM.Collect$$libinit$$0000002C)
    __rt_lib_init_atexit_1                   0x000002bb   Thumb Code     0  libinit2.o(.ARM.Collect$$libinit$$0000001B)
    __rt_lib_init_clock_1                    0x000002bb   Thumb Code     0  libinit2.o(.ARM.Collect$$libinit$$00000021)
    __rt_lib_init_cpp_1                      0x000002bb   Thumb Code     0  libinit2.o(.ARM.Collect$$libinit$$00000032)
    __rt_lib_init_exceptions_1               0x000002bb   Thumb Code     0  libinit2.o(.ARM.Collect$$libinit$$00000030)
    __rt_lib_init_fp_trap_1                  0x000002bb   Thumb Code     0  libinit2.o(.ARM.Collect$$libinit$$0000001F)
    __rt_lib_init_getenv_1                   0x000002bb   Thumb Code     0  libinit2.o(.ARM.Collect$$libinit$$00000023)
    __rt_lib_init_heap_1                     0x000002bb   Thumb Code     0  libinit2.o(.ARM.Collect$$libinit$$0000000A)
    __rt_lib_init_lc_collate_1               0x000002bb   Thumb Code     0  libinit2.o(.ARM.Collect$$libinit$$00000011)
    __rt_lib_init_lc_ctype_1                 0x000002bb   Thumb Code     0  libinit2.o(.ARM.Collect$$libinit$$00000013)
    __rt_lib_init_lc_monetary_1              0x000002bb   Thumb Code     0  libinit2.o(.ARM.Collect$$libinit$$00000015)
    __rt_lib_init_lc_numeric_1               0x000002bb   Thumb Code     0  libinit2.o(.ARM.Collect$$libinit$$00000017)
    __rt_lib_init_lc_time_1                  0x000002bb   Thumb Code     0  libinit2.o(.ARM.Collect$$libinit$$00000019)
    __rt_lib_init_preinit_1                  0x000002bb   Thumb Code     0  libinit2.o(.ARM.Collect$$libinit$$00000004)
    __rt_lib_init_rand_1                     0x000002bb   Thumb Code     0  libinit2.o(.ARM.Collect$$libinit$$0000000E)
    __rt_lib_init_return                     0x000002bb   Thumb Code     0  libinit2.o(.ARM.Collect$$libinit$$00000033)
    __rt_lib_init_signal_1                   0x000002bb   Thumb Code     0  libinit2.o(.ARM.Collect$$libinit$$0000001D)
    __rt_lib_init_stdio_1                    0x000002bb   Thumb Code     0  libinit2.o(.ARM.Collect$$libinit$$00000025)
    __rt_lib_init_user_alloc_1               0x000002bb   Thumb Code     0  libinit2.o(.ARM.Collect$$libinit$$0000000C)
    __rt_lib_shutdown                        0x000002bd   Thumb Code     0  libshutdown.o(.ARM.Collect$$libshutdown$$00000000)
    __rt_lib_shutdown_cpp_1                  0x000002bf   Thumb Code     0  libshutdown2.o(.ARM.Collect$$libshutdown$$00000004)
    __rt_lib_shutdown_fini_1                 0x000002bf   Thumb Code     0  libshutdown2.o(.ARM.Collect$$libshutdown$$00000002)
    __rt_lib_shutdown_fp_trap_1              0x000002bf   Thumb Code     0  libshutdown2.o(.ARM.Collect$$libshutdown$$00000009)
    __rt_lib_shutdown_heap_1                 0x000002bf   Thumb Code     0  libshutdown2.o(.ARM.Collect$$libshutdown$$00000011)
    __rt_lib_shutdown_return                 0x000002bf   Thumb Code     0  libshutdown2.o(.ARM.Collect$$libshutdown$$00000012)
    __rt_lib_shutdown_signal_1               0x000002bf   Thumb Code     0  libshutdown2.o(.ARM.Collect$$libshutdown$$0000000C)
    __rt_lib_shutdown_stdio_1                0x000002bf   Thumb Code     0  libshutdown2.o(.ARM.Collect$$libshutdown$$00000006)
    __rt_lib_shutdown_user_alloc_1           0x000002bf   Thumb Code     0  libshutdown2.o(.ARM.Collect$$libshutdown$$0000000E)
    __rt_entry                               0x000002c1   Thumb Code     0  __rtentry.o(.ARM.Collect$$rtentry$$00000000)
    __rt_entry_presh_1                       0x000002c1   Thumb Code     0  __rtentry2.o(.ARM.Collect$$rtentry$$00000002)
    __rt_entry_sh                            0x000002c1   Thumb Code     0  __rtentry4.o(.ARM.Collect$$rtentry$$00000004)
    __rt_entry_li                            0x000002c7   Thumb Code     0  __rtentry2.o(.ARM.Collect$$rtentry$$0000000A)
    __rt_entry_postsh_1                      0x000002c7   Thumb Code     0  __rtentry2.o(.ARM.Collect$$rtentry$$00000009)
    __rt_entry_main                          0x000002cb   Thumb Code     0  __rtentry2.o(.ARM.Collect$$rtentry$$0000000D)
    __rt_entry_postli_1                      0x000002cb   Thumb Code     0  __rtentry2.o(.ARM.Collect$$rtentry$$0000000C)
    __rt_exit                                0x000002d3   Thumb Code     0  rtexit.o(.ARM.Collect$$rtexit$$00000000)
    __rt_exit_ls                             0x000002d5   Thumb Code     0  rtexit2.o(.ARM.Collect$$rtexit$$00000003)
    __rt_exit_prels_1                        0x000002d5   Thumb Code     0  rtexit2.o(.ARM.Collect$$rtexit$$00000002)
    __rt_exit_exit                           0x000002d9   Thumb Code     0  rtexit2.o(.ARM.Collect$$rtexit$$00000004)
    CPUcpsid                                 0x000002e1   Thumb Code     8  cpu.o(.emb_text)
    CPUprimask                               0x000002e9   Thumb Code     6  cpu.o(.emb_text)
    CPUcpsie                                 0x000002ef   Thumb Code     8  cpu.o(.emb_text)
    CPUwfi                                   0x000002f7   Thumb Code     4  cpu.o(.emb_text)
    CPUbasepriSet                            0x000002fb   Thumb Code     6  cpu.o(.emb_text)
    CPUbasepriGet                            0x00000301   Thumb Code     6  cpu.o(.emb_text)
    Reset_Handler                            0x00000309   Thumb Code     8  startup_tm4c129.o(.text)
    NMI_Handler                              0x00000311   Thumb Code     2  startup_tm4c129.o(.text)
    HardFault_Handler                        0x00000313   Thumb Code     2  startup_tm4c129.o(.text)
    MemManage_Handler                        0x00000315   Thumb Code     2  startup_tm4c129.o(.text)
    BusFault_Handler                         0x00000317   Thumb Code     2  startup_tm4c129.o(.text)
    UsageFault_Handler                       0x00000319   Thumb Code     2  startup_tm4c129.o(.text)
    SVC_Handler                              0x0000031b   Thumb Code     2  startup_tm4c129.o(.text)
    DebugMon_Handler                         0x0000031d   Thumb Code     2  startup_tm4c129.o(.text)
    PendSV_Handler                           0x0000031f   Thumb Code     2  startup_tm4c129.o(.text)
    GPIOA_Handler                            0x00000323   Thumb Code     2  startup_tm4c129.o(.text)
    GPIOB_Handler                            0x00000325   Thumb Code     2  startup_tm4c129.o(.text)
    GPIOC_Handler                            0x00000327   Thumb Code     2  startup_tm4c129.o(.text)
    GPIOD_Handler                            0x00000329   Thumb Code     2  startup_tm4c129.o(.text)
    GPIOE_Handler                            0x0000032b   Thumb Code     2  startup_tm4c129.o(.text)
    UART1_Handler                            0x0000032f   Thumb Code     2  startup_tm4c129.o(.text)
    SSI0_Handler                             0x00000331   Thumb Code     2  startup_tm4c129.o(.text)
    I2C0_Handler                             0x00000333   Thumb Code     2  startup_tm4c129.o(.text)
    PMW0_FAULT_Handler                       0x00000335   Thumb Code     2  startup_tm4c129.o(.text)
    PWM0_0_Handler                           0x00000337   Thumb Code     2  startup_tm4c129.o(.text)
    PWM0_1_Handler                           0x00000339   Thumb Code     2  startup_tm4c129.o(.text)
    PWM0_2_Handler                           0x0000033b   Thumb Code     2  startup_tm4c129.o(.text)
    QEI0_Handler                             0x0000033d   Thumb Code     2  startup_tm4c129.o(.text)
    ADC0SS0_Handler                          0x0000033f   Thumb Code     2  startup_tm4c129.o(.text)
    ADC0SS1_Handler                          0x00000341   Thumb Code     2  startup_tm4c129.o(.text)
    ADC0SS2_Handler                          0x00000343   Thumb Code     2  startup_tm4c129.o(.text)
    ADC0SS3_Handler                          0x00000345   Thumb Code     2  startup_tm4c129.o(.text)
    WDT0_Handler                             0x00000347   Thumb Code     2  startup_tm4c129.o(.text)
    TIMER0A_Handler                          0x00000349   Thumb Code     2  startup_tm4c129.o(.text)
    TIMER0B_Handler                          0x0000034b   Thumb Code     2  startup_tm4c129.o(.text)
    TIMER1A_Handler                          0x0000034d   Thumb Code     2  startup_tm4c129.o(.text)
    TIMER1B_Handler                          0x0000034f   Thumb Code     2  startup_tm4c129.o(.text)
    TIMER2A_Handler                          0x00000351   Thumb Code     2  startup_tm4c129.o(.text)
    TIMER2B_Handler                          0x00000353   Thumb Code     2  startup_tm4c129.o(.text)
    COMP0_Handler                            0x00000355   Thumb Code     2  startup_tm4c129.o(.text)
    COMP1_Handler                            0x00000357   Thumb Code     2  startup_tm4c129.o(.text)
    COMP2_Handler                            0x00000359   Thumb Code     2  startup_tm4c129.o(.text)
    SYSCTL_Handler                           0x0000035b   Thumb Code     2  startup_tm4c129.o(.text)
    FLASH_Handler                            0x0000035d   Thumb Code     2  startup_tm4c129.o(.text)
    GPIOF_Handler                            0x0000035f   Thumb Code     2  startup_tm4c129.o(.text)
    GPIOG_Handler                            0x00000361   Thumb Code     2  startup_tm4c129.o(.text)
    GPIOH_Handler                            0x00000363   Thumb Code     2  startup_tm4c129.o(.text)
    UART2_Handler                            0x00000365   Thumb Code     2  startup_tm4c129.o(.text)
    SSI1_Handler                             0x00000367   Thumb Code     2  startup_tm4c129.o(.text)
    TIMER3A_Handler                          0x00000369   Thumb Code     2  startup_tm4c129.o(.text)
    TIMER3B_Handler                          0x0000036b   Thumb Code     2  startup_tm4c129.o(.text)
    I2C1_Handler                             0x0000036d   Thumb Code     2  startup_tm4c129.o(.text)
    CAN0_Handler                             0x0000036f   Thumb Code     2  startup_tm4c129.o(.text)
    CAN1_Handler                             0x00000371   Thumb Code     2  startup_tm4c129.o(.text)
    ETH_Handler                              0x00000373   Thumb Code     2  startup_tm4c129.o(.text)
    HIB_Handler                              0x00000375   Thumb Code     2  startup_tm4c129.o(.text)
    USB0_Handler                             0x00000377   Thumb Code     2  startup_tm4c129.o(.text)
    PWM0_3_Handler                           0x00000379   Thumb Code     2  startup_tm4c129.o(.text)
    UDMA_Handler                             0x0000037b   Thumb Code     2  startup_tm4c129.o(.text)
    UDMAERR_Handler                          0x0000037d   Thumb Code     2  startup_tm4c129.o(.text)
    ADC1SS0_Handler                          0x0000037f   Thumb Code     2  startup_tm4c129.o(.text)
    ADC1SS1_Handler                          0x00000381   Thumb Code     2  startup_tm4c129.o(.text)
    ADC1SS2_Handler                          0x00000383   Thumb Code     2  startup_tm4c129.o(.text)
    ADC1SS3_Handler                          0x00000385   Thumb Code     2  startup_tm4c129.o(.text)
    EBI0_Handler                             0x00000387   Thumb Code     2  startup_tm4c129.o(.text)
    GPIOJ_Handler                            0x00000389   Thumb Code     2  startup_tm4c129.o(.text)
    GPIOK_Handler                            0x0000038b   Thumb Code     2  startup_tm4c129.o(.text)
    GPIOL_Handler                            0x0000038d   Thumb Code     2  startup_tm4c129.o(.text)
    SSI2_Handler                             0x0000038f   Thumb Code     2  startup_tm4c129.o(.text)
    SSI3_Handler                             0x00000391   Thumb Code     2  startup_tm4c129.o(.text)
    UART3_Handler                            0x00000393   Thumb Code     2  startup_tm4c129.o(.text)
    UART4_Handler                            0x00000395   Thumb Code     2  startup_tm4c129.o(.text)
    UART5_Handler                            0x00000397   Thumb Code     2  startup_tm4c129.o(.text)
    UART6_Handler                            0x00000399   Thumb Code     2  startup_tm4c129.o(.text)
    UART7_Handler                            0x0000039b   Thumb Code     2  startup_tm4c129.o(.text)
    I2C2_Handler                             0x0000039d   Thumb Code     2  startup_tm4c129.o(.text)
    I2C3_Handler                             0x0000039f   Thumb Code     2  startup_tm4c129.o(.text)
    TIMER4A_Handler                          0x000003a1   Thumb Code     2  startup_tm4c129.o(.text)
    TIMER4B_Handler                          0x000003a3   Thumb Code     2  startup_tm4c129.o(.text)
    TIMER5A_Handler                          0x000003a5   Thumb Code     2  startup_tm4c129.o(.text)
    TIMER5B_Handler                          0x000003a7   Thumb Code     2  startup_tm4c129.o(.text)
    WTIMER0A_Handler                         0x000003a9   Thumb Code     2  startup_tm4c129.o(.text)
    WTIMER0B_Handler                         0x000003ab   Thumb Code     2  startup_tm4c129.o(.text)
    WTIMER1A_Handler                         0x000003ad   Thumb Code     2  startup_tm4c129.o(.text)
    WTIMER1B_Handler                         0x000003af   Thumb Code     2  startup_tm4c129.o(.text)
    WTIMER2A_Handler                         0x000003b1   Thumb Code     2  startup_tm4c129.o(.text)
    WTIMER2B_Handler                         0x000003b3   Thumb Code     2  startup_tm4c129.o(.text)
    WTIMER3A_Handler                         0x000003b5   Thumb Code     2  startup_tm4c129.o(.text)
    WTIMER3B_Handler                         0x000003b7   Thumb Code     2  startup_tm4c129.o(.text)
    WTIMER4A_Handler                         0x000003b9   Thumb Code     2  startup_tm4c129.o(.text)
    WTIMER4B_Handler                         0x000003bb   Thumb Code     2  startup_tm4c129.o(.text)
    WTIMER5A_Handler                         0x000003bd   Thumb Code     2  startup_tm4c129.o(.text)
    WTIMER5B_Handler                         0x000003bf   Thumb Code     2  startup_tm4c129.o(.text)
    FPU_Handler                              0x000003c1   Thumb Code     2  startup_tm4c129.o(.text)
    I2C4_Handler                             0x000003c3   Thumb Code     2  startup_tm4c129.o(.text)
    I2C5_Handler                             0x000003c5   Thumb Code     2  startup_tm4c129.o(.text)
    GPIOM_Handler                            0x000003c7   Thumb Code     2  startup_tm4c129.o(.text)
    GPION_Handler                            0x000003c9   Thumb Code     2  startup_tm4c129.o(.text)
    TAMPER_Handler                           0x000003cb   Thumb Code     2  startup_tm4c129.o(.text)
    GPIOP0_Handler                           0x000003cd   Thumb Code     2  startup_tm4c129.o(.text)
    GPIOP1_Handler                           0x000003cf   Thumb Code     2  startup_tm4c129.o(.text)
    GPIOP2_Handler                           0x000003d1   Thumb Code     2  startup_tm4c129.o(.text)
    GPIOP3_Handler                           0x000003d3   Thumb Code     2  startup_tm4c129.o(.text)
    GPIOP4_Handler                           0x000003d5   Thumb Code     2  startup_tm4c129.o(.text)
    GPIOP5_Handler                           0x000003d7   Thumb Code     2  startup_tm4c129.o(.text)
    GPIOP6_Handler                           0x000003d9   Thumb Code     2  startup_tm4c129.o(.text)
    GPIOP7_Handler                           0x000003db   Thumb Code     2  startup_tm4c129.o(.text)
    GPIOQ0_Handler                           0x000003dd   Thumb Code     2  startup_tm4c129.o(.text)
    GPIOQ1_Handler                           0x000003df   Thumb Code     2  startup_tm4c129.o(.text)
    GPIOQ2_Handler                           0x000003e1   Thumb Code     2  startup_tm4c129.o(.text)
    GPIOQ3_Handler                           0x000003e3   Thumb Code     2  startup_tm4c129.o(.text)
    GPIOQ4_Handler                           0x000003e5   Thumb Code     2  startup_tm4c129.o(.text)
    GPIOQ5_Handler                           0x000003e7   Thumb Code     2  startup_tm4c129.o(.text)
    GPIOQ6_Handler                           0x000003e9   Thumb Code     2  startup_tm4c129.o(.text)
    GPIOQ7_Handler                           0x000003eb   Thumb Code     2  startup_tm4c129.o(.text)
    GPIOR_Handler                            0x000003ed   Thumb Code     2  startup_tm4c129.o(.text)
    GPIOS_Handler                            0x000003ef   Thumb Code     2  startup_tm4c129.o(.text)
    SHAMD5_Handler                           0x000003f1   Thumb Code     2  startup_tm4c129.o(.text)
    AES_Handler                              0x000003f3   Thumb Code     2  startup_tm4c129.o(.text)
    DES3DES_Handler                          0x000003f5   Thumb Code     2  startup_tm4c129.o(.text)
    LCDCONTROLLER_Handler                    0x000003f7   Thumb Code     2  startup_tm4c129.o(.text)
    TIMER6A_Handler                          0x000003f9   Thumb Code     2  startup_tm4c129.o(.text)
    TIMER6B_Handler                          0x000003fb   Thumb Code     2  startup_tm4c129.o(.text)
    TIMER7A_Handler                          0x000003fd   Thumb Code     2  startup_tm4c129.o(.text)
    TIMER7B_Handler                          0x000003ff   Thumb Code     2  startup_tm4c129.o(.text)
    I2C6_Handler                             0x00000401   Thumb Code     2  startup_tm4c129.o(.text)
    I2C7_Handler                             0x00000403   Thumb Code     2  startup_tm4c129.o(.text)
    HIMSCANKEYBOARD_Handler                  0x00000405   Thumb Code     2  startup_tm4c129.o(.text)
    ONEWIRE_Handler                          0x00000407   Thumb Code     2  startup_tm4c129.o(.text)
    HIMPS2_Handler                           0x00000409   Thumb Code     2  startup_tm4c129.o(.text)
    HIMLEDSEQUENCER_Handler                  0x0000040b   Thumb Code     2  startup_tm4c129.o(.text)
    HIMCONSUMERIR_Handler                    0x0000040d   Thumb Code     2  startup_tm4c129.o(.text)
    I2C8_Handler                             0x0000040f   Thumb Code     2  startup_tm4c129.o(.text)
    I2C9_Handler                             0x00000411   Thumb Code     2  startup_tm4c129.o(.text)
    GPIOT_Handler                            0x00000413   Thumb Code     2  startup_tm4c129.o(.text)
    __user_initial_stackheap                 0x00000415   Thumb Code     0  startup_tm4c129.o(.text)
    __use_two_region_memory                  0x00000435   Thumb Code     2  heapauxi.o(.text)
    __rt_heap_escrow$2region                 0x00000437   Thumb Code     2  heapauxi.o(.text)
    __rt_heap_expand$2region                 0x00000439   Thumb Code     2  heapauxi.o(.text)
    __user_setup_stackheap                   0x0000043b   Thumb Code    74  sys_stackheap_outer.o(.text)
    exit                                     0x00000485   Thumb Code    18  exit.o(.text)
    __user_libspace                          0x00000499   Thumb Code     8  libspace.o(.text)
    __user_perproc_libspace                  0x00000499   Thumb Code     0  libspace.o(.text)
    __user_perthread_libspace                0x00000499   Thumb Code     0  libspace.o(.text)
    _sys_exit                                0x000004a1   Thumb Code     8  sys_exit.o(.text)
    __I$use$semihosting                      0x000004ad   Thumb Code     0  use_no_semi.o(.text)
    __use_no_semihosting_swi                 0x000004ad   Thumb Code     2  use_no_semi.o(.text)
    __semihosting_library_function           0x000004af   Thumb Code     0  indicate_semi.o(.text)
    Beep                                     0x000004b1   Thumb Code   334  stepper.o(i.Beep)
    Countdown                                0x0000063d   Thumb Code   860  stepper.o(i.Countdown)
    Date                                     0x000009dd   Thumb Code   218  stepper.o(i.Date)
    Delay                                    0x00000ae9   Thumb Code    12  stepper.o(i.Delay)
    GPIODirModeSet                           0x00000af5   Thumb Code    40  gpio.o(i.GPIODirModeSet)
    GPIOPadConfigSet                         0x00000b1d   Thumb Code   312  gpio.o(i.GPIOPadConfigSet)
    GPIOPinConfigure                         0x00000c55   Thumb Code    60  gpio.o(i.GPIOPinConfigure)
    GPIOPinRead                              0x00000c99   Thumb Code     6  gpio.o(i.GPIOPinRead)
    GPIOPinTypeGPIOInput                     0x00000c9f   Thumb Code    28  gpio.o(i.GPIOPinTypeGPIOInput)
    GPIOPinTypeGPIOOutput                    0x00000cbb   Thumb Code    28  gpio.o(i.GPIOPinTypeGPIOOutput)
    GPIOPinTypeI2C                           0x00000cd7   Thumb Code    28  gpio.o(i.GPIOPinTypeI2C)
    GPIOPinTypeI2CSCL                        0x00000cf3   Thumb Code    28  gpio.o(i.GPIOPinTypeI2CSCL)
    GPIOPinTypeQEI                           0x00000d0f   Thumb Code    28  gpio.o(i.GPIOPinTypeQEI)
    GPIOPinTypeUART                          0x00000d2b   Thumb Code    28  gpio.o(i.GPIOPinTypeUART)
    GPIOPinWrite                             0x00000d47   Thumb Code     6  gpio.o(i.GPIOPinWrite)
    I2C0_ReadByte                            0x00000d4d   Thumb Code   134  stepper.o(i.I2C0_ReadByte)
    I2C0_WriteByte                           0x00000dd9   Thumb Code   110  stepper.o(i.I2C0_WriteByte)
    I2CMasterBusBusy                         0x00000e4d   Thumb Code    12  i2c.o(i.I2CMasterBusBusy)
    I2CMasterBusy                            0x00000e59   Thumb Code    12  i2c.o(i.I2CMasterBusy)
    I2CMasterControl                         0x00000e65   Thumb Code     4  i2c.o(i.I2CMasterControl)
    I2CMasterDataGet                         0x00000e69   Thumb Code     4  i2c.o(i.I2CMasterDataGet)
    I2CMasterDataPut                         0x00000e6d   Thumb Code     4  i2c.o(i.I2CMasterDataPut)
    I2CMasterEnable                          0x00000e71   Thumb Code    10  i2c.o(i.I2CMasterEnable)
    I2CMasterErr                             0x00000e7b   Thumb Code    24  i2c.o(i.I2CMasterErr)
    I2CMasterInitExpClk                      0x00000e95   Thumb Code    72  i2c.o(i.I2CMasterInitExpClk)
    I2CMasterSlaveAddrSet                    0x00000ee9   Thumb Code     8  i2c.o(i.I2CMasterSlaveAddrSet)
    IntEnable                                0x00000ef1   Thumb Code    92  interrupt.o(i.IntEnable)
    IntMasterEnable                          0x00000f55   Thumb Code    14  interrupt.o(i.IntMasterEnable)
    IntPriorityGroupingSet                   0x00000f65   Thumb Code    20  interrupt.o(i.IntPriorityGroupingSet)
    IntPrioritySet                           0x00000f81   Thumb Code    36  interrupt.o(i.IntPrioritySet)
    QEIConfigure                             0x00000fa9   Thumb Code    14  qei.o(i.QEIConfigure)
    QEIEnable                                0x00000fb7   Thumb Code    10  qei.o(i.QEIEnable)
    QEIPositionGet                           0x00000fc1   Thumb Code     4  qei.o(i.QEIPositionGet)
    Reset                                    0x00000fc5   Thumb Code   182  stepper.o(i.Reset)
    S800_GPIO_Init                           0x000010f9   Thumb Code   142  stepper.o(i.S800_GPIO_Init)
    S800_I2C0_Init                           0x000011a5   Thumb Code   122  stepper.o(i.S800_I2C0_Init)
    S800_QEI_Init                            0x0000123d   Thumb Code    90  stepper.o(i.S800_QEI_Init)
    S800_UART_Init                           0x000012b1   Thumb Code    74  stepper.o(i.S800_UART_Init)
    Show_In_Seg                              0x00001321   Thumb Code   862  stepper.o(i.Show_In_Seg)
    Solarterms                               0x0000168d   Thumb Code  1100  stepper.o(i.Solarterms)
    Start                                    0x00001ae1   Thumb Code   962  stepper.o(i.Start)
    SysCtlClockFreqSet                       0x00001ed5   Thumb Code   706  sysctl.o(i.SysCtlClockFreqSet)
    SysCtlPeripheralEnable                   0x000021c1   Thumb Code    36  sysctl.o(i.SysCtlPeripheralEnable)
    SysCtlPeripheralReady                    0x000021e9   Thumb Code    40  sysctl.o(i.SysCtlPeripheralReady)
    SysTickEnable                            0x00002215   Thumb Code    14  systick.o(i.SysTickEnable)
    SysTickIntEnable                         0x00002223   Thumb Code    14  systick.o(i.SysTickIntEnable)
    SysTickPeriodSet                         0x00002231   Thumb Code    10  systick.o(i.SysTickPeriodSet)
    SysTick_Handler                          0x0000223d   Thumb Code   256  stepper.o(i.SysTick_Handler)
    SystemInit                               0x0000237d   Thumb Code    20  system_tm4c129.o(i.SystemInit)
    Timecount                                0x0000239d   Thumb Code   974  stepper.o(i.Timecount)
    Timeset                                  0x000027a5   Thumb Code   338  stepper.o(i.Timeset)
    Timeshow                                 0x00002929   Thumb Code   174  stepper.o(i.Timeshow)
    Translate                                0x00002a09   Thumb Code   570  stepper.o(i.Translate)
    UART0_Handler                            0x00002ca5   Thumb Code   104  stepper.o(i.UART0_Handler)
    UARTCharGet                              0x00002d21   Thumb Code    12  uart.o(i.UARTCharGet)
    UARTCharPut                              0x00002d2d   Thumb Code    12  uart.o(i.UARTCharPut)
    UARTCharPutNonBlocking                   0x00002d39   Thumb Code    16  uart.o(i.UARTCharPutNonBlocking)
    UARTCharsAvail                           0x00002d49   Thumb Code    10  uart.o(i.UARTCharsAvail)
    UARTConfigSetExpClk                      0x00002d53   Thumb Code   110  uart.o(i.UARTConfigSetExpClk)
    UARTIntClear                             0x00002dc1   Thumb Code     4  uart.o(i.UARTIntClear)
    UARTIntEnable                            0x00002dc5   Thumb Code     8  uart.o(i.UARTIntEnable)
    UARTIntStatus                            0x00002dcd   Thumb Code    10  uart.o(i.UARTIntStatus)
    UARTStringPut                            0x00002dd9   Thumb Code    24  stepper.o(i.UARTStringPut)
    main                                     0x00002df5   Thumb Code  1382  stepper.o(i.main)
    __aeabi_d2uiz                            0x00003375   Thumb Code     0  dfixu.o(x$fpl$dfixu)
    _dfixu                                   0x00003375   Thumb Code    90  dfixu.o(x$fpl$dfixu)
    __aeabi_ui2d                             0x000033cf   Thumb Code     0  dflt_clz.o(x$fpl$dfltu)
    _dfltu                                   0x000033cf   Thumb Code    38  dflt_clz.o(x$fpl$dfltu)
    __aeabi_dmul                             0x000033f5   Thumb Code     0  dmul.o(x$fpl$dmul)
    _dmul                                    0x000033f5   Thumb Code   332  dmul.o(x$fpl$dmul)
    __fpl_dnaninf                            0x00003549   Thumb Code   156  dnaninf.o(x$fpl$dnaninf)
    __fpl_dretinf                            0x000035e5   Thumb Code    12  dretinf.o(x$fpl$dretinf)
    _fp_init                                 0x000035f1   Thumb Code    10  fpinit.o(x$fpl$fpinit)
    __fplib_config_fpu_vfp                   0x000035f9   Thumb Code     0  fpinit.o(x$fpl$fpinit)
    __fplib_config_pureend_doubles           0x000035f9   Thumb Code     0  fpinit.o(x$fpl$fpinit)
    __I$use$fp                               0x000035fa   Number         0  usenofp.o(x$fpl$usenofp)
    Region$$Table$$Base                      0x00003b84   Number         0  anon$$obj.o(Region$$Table)
    Region$$Table$$Limit                     0x00003ba4   Number         0  anon$$obj.o(Region$$Table)
    systick_10ms_couter                      0x20000000   Data           2  stepper.o(.data)
    systick_100ms_couter                     0x20000002   Data           2  stepper.o(.data)
    systick_10us_couter                      0x20000004   Data           2  stepper.o(.data)
    systick_2ms_couter                       0x20000006   Data           2  stepper.o(.data)
    systick_1ms_couter                       0x20000008   Data           2  stepper.o(.data)
    systick_1s_couter                        0x2000000a   Data           2  stepper.o(.data)
    systick_10ps_couter                      0x2000000c   Data           2  stepper.o(.data)
    systick_10ms_status                      0x2000000e   Data           1  stepper.o(.data)
    systick_100ms_status                     0x2000000f   Data           1  stepper.o(.data)
    systick_10us_status                      0x20000010   Data           1  stepper.o(.data)
    systick_2ms_status                       0x20000011   Data           1  stepper.o(.data)
    systick_1ms_status                       0x20000012   Data           1  stepper.o(.data)
    systick_1s_status                        0x20000013   Data           1  stepper.o(.data)
    systick_10ps_status                      0x20000014   Data           1  stepper.o(.data)
    ui32SysClock                             0x20000018   Data           4  stepper.o(.data)
    ui32IntPriorityGroup                     0x2000001c   Data           4  stepper.o(.data)
    ui32IntPriorityMask                      0x20000020   Data           4  stepper.o(.data)
    ui32IntPrioritySystick                   0x20000024   Data           4  stepper.o(.data)
    ui32IntPriorityUart0                     0x20000028   Data           4  stepper.o(.data)
    result                                   0x2000002c   Data           1  stepper.o(.data)
    cnt                                      0x2000002d   Data           1  stepper.o(.data)
    key_value                                0x2000002e   Data           1  stepper.o(.data)
    gpio_status                              0x2000002f   Data           1  stepper.o(.data)
    year                                     0x20000030   Data           4  stepper.o(.data)
    month                                    0x20000034   Data           4  stepper.o(.data)
    day                                      0x20000038   Data           4  stepper.o(.data)
    hour                                     0x2000003c   Data           4  stepper.o(.data)
    minute                                   0x20000040   Data           4  stepper.o(.data)
    second                                   0x20000044   Data           4  stepper.o(.data)
    beep1_hour                               0x20000048   Data           4  stepper.o(.data)
    beep1_minute                             0x2000004c   Data           4  stepper.o(.data)
    beep1_second                             0x20000050   Data           4  stepper.o(.data)
    beep2_hour                               0x20000054   Data           4  stepper.o(.data)
    beep2_minute                             0x20000058   Data           4  stepper.o(.data)
    beep2_second                             0x2000005c   Data           4  stepper.o(.data)
    qei_value                                0x20000060   Data           4  stepper.o(.data)
    beep1                                    0x20000064   Data           1  stepper.o(.data)
    beep2                                    0x20000065   Data           1  stepper.o(.data)
    beepsign1                                0x20000066   Data           1  stepper.o(.data)
    beepsign2                                0x20000067   Data           1  stepper.o(.data)
    bit1                                     0x20000068   Data           4  stepper.o(.data)
    bit2                                     0x2000006c   Data           4  stepper.o(.data)
    bit3                                     0x20000070   Data           4  stepper.o(.data)
    bit4                                     0x20000074   Data           4  stepper.o(.data)
    bit5                                     0x20000078   Data           4  stepper.o(.data)
    bit6                                     0x2000007c   Data           4  stepper.o(.data)
    bit7                                     0x20000080   Data           4  stepper.o(.data)
    bit8                                     0x20000084   Data           4  stepper.o(.data)
    tbit1                                    0x20000088   Data           4  stepper.o(.data)
    tbit2                                    0x2000008c   Data           4  stepper.o(.data)
    tbit3                                    0x20000090   Data           4  stepper.o(.data)
    tbit4                                    0x20000094   Data           4  stepper.o(.data)
    tbit5                                    0x20000098   Data           4  stepper.o(.data)
    tbit6                                    0x2000009c   Data           4  stepper.o(.data)
    tbit7                                    0x200000a0   Data           4  stepper.o(.data)
    tbit8                                    0x200000a4   Data           4  stepper.o(.data)
    dbit1                                    0x200000a8   Data           4  stepper.o(.data)
    dbit2                                    0x200000ac   Data           4  stepper.o(.data)
    dbit3                                    0x200000b0   Data           4  stepper.o(.data)
    dbit4                                    0x200000b4   Data           4  stepper.o(.data)
    dbit5                                    0x200000b8   Data           4  stepper.o(.data)
    dbit6                                    0x200000bc   Data           4  stepper.o(.data)
    dbit7                                    0x200000c0   Data           4  stepper.o(.data)
    dbit8                                    0x200000c4   Data           4  stepper.o(.data)
    startbit                                 0x200000c8   Data           1  stepper.o(.data)
    beginport                                0x200000c9   Data           1  stepper.o(.data)
    startcounter                             0x200000cc   Data           4  stepper.o(.data)
    start_cnt                                0x200000d0   Data           4  stepper.o(.data)
    translatesign                            0x200000d4   Data           2  stepper.o(.data)
    startcountdown                           0x200000d6   Data           2  stepper.o(.data)
    endcountdown                             0x200000d8   Data           2  stepper.o(.data)
    solartermsign                            0x200000da   Data           1  stepper.o(.data)
    lightlevel                               0x200000db   Data           1  stepper.o(.data)
    lightreverse                             0x200000dc   Data           1  stepper.o(.data)
    endflag                                  0x200000e0   Data           4  stepper.o(.data)
    seg7                                     0x200000e4   Data          17  stepper.o(.data)
    uart_receive_char                        0x200000f5   Data           1  stepper.o(.data)
    uart_cnt                                 0x200000f6   Data           1  stepper.o(.data)
    key_pressed                              0x200000f7   Data           1  stepper.o(.data)
    i2c_flash_cnt                            0x200000f8   Data           2  stepper.o(.data)
    gpio_flash_cnt                           0x200000fa   Data           2  stepper.o(.data)
    flash_status                             0x200000fc   Data           1  stepper.o(.data)
    timeset                                  0x200000fd   Data           1  stepper.o(.data)
    timeselect                               0x200000fe   Data           1  stepper.o(.data)
    clockset1                                0x200000ff   Data           1  stepper.o(.data)
    clockselect1                             0x20000100   Data           1  stepper.o(.data)
    clockset2                                0x20000101   Data           1  stepper.o(.data)
    clockselect2                             0x20000102   Data           1  stepper.o(.data)
    count                                    0x20000104   Data           2  stepper.o(.data)
    dark                                     0x20000106   Data           2  stepper.o(.data)
    pw1                                      0x20000108   Data           2  stepper.o(.data)
    pw2                                      0x2000010a   Data           2  stepper.o(.data)
    pw3                                      0x2000010c   Data           2  stepper.o(.data)
    pw4                                      0x2000010e   Data           2  stepper.o(.data)
    pw5                                      0x20000110   Data           2  stepper.o(.data)
    pw6                                      0x20000112   Data           2  stepper.o(.data)
    pw7                                      0x20000114   Data           2  stepper.o(.data)
    pw8                                      0x20000116   Data           2  stepper.o(.data)
    ipw1                                     0x20000118   Data           2  stepper.o(.data)
    ipw2                                     0x2000011a   Data           2  stepper.o(.data)
    ipw3                                     0x2000011c   Data           2  stepper.o(.data)
    ipw4                                     0x2000011e   Data           2  stepper.o(.data)
    ipw5                                     0x20000120   Data           2  stepper.o(.data)
    ipw6                                     0x20000122   Data           2  stepper.o(.data)
    ipw7                                     0x20000124   Data           2  stepper.o(.data)
    ipw8                                     0x20000126   Data           2  stepper.o(.data)
    kpw1                                     0x20000128   Data           2  stepper.o(.data)
    kpw2                                     0x2000012a   Data           2  stepper.o(.data)
    kpw3                                     0x2000012c   Data           2  stepper.o(.data)
    kpw4                                     0x2000012e   Data           2  stepper.o(.data)
    kpw5                                     0x20000130   Data           2  stepper.o(.data)
    kpw6                                     0x20000132   Data           2  stepper.o(.data)
    kpw7                                     0x20000134   Data           2  stepper.o(.data)
    kpw8                                     0x20000136   Data           2  stepper.o(.data)
    SystemCoreClock                          0x20000138   Data           4  system_tm4c129.o(.data)
    uartdata                                 0x2000013c   Data        1000  stepper.o(.bss)
    __libspace_start                         0x20000524   Data          96  libspace.o(.bss)
    __temporary_stack_top$libspace           0x20000584   Data           0  libspace.o(.bss)



==============================================================================

Memory Map of the image

  Image Entry point : 0x00000309

  Load Region LR_1 (Base: 0x00000000, Size: 0x00003ce0, Max: 0xffffffff, ABSOLUTE, COMPRESSED[0x00003bcc])

    Execution Region ER_RO (Exec base: 0x00000000, Load base: 0x00000000, Size: 0x00003ba4, Max: 0xffffffff, ABSOLUTE)

    Exec Addr    Load Addr    Size         Type   Attr      Idx    E Section Name        Object

    0x00000000   0x00000000   0x00000200   Data   RO          199    RESET               startup_tm4c129.o
    0x00000200   0x00000200   0x00000008   Code   RO         1896  * !!!main             c_w.l(__main.o)
    0x00000208   0x00000208   0x00000034   Code   RO         2074    !!!scatter          c_w.l(__scatter.o)
    0x0000023c   0x0000023c   0x0000005a   Code   RO         2072    !!dczerorl2         c_w.l(__dczerorl2.o)
    0x00000296   0x00000296   0x00000002   PAD
    0x00000298   0x00000298   0x0000001c   Code   RO         2076    !!handler_zi        c_w.l(__scatter_zi.o)
    0x000002b4   0x000002b4   0x00000002   Code   RO         1940    .ARM.Collect$$libinit$$00000000  c_w.l(libinit.o)
    0x000002b6   0x000002b6   0x00000004   Code   RO         1946    .ARM.Collect$$libinit$$00000001  c_w.l(libinit2.o)
    0x000002ba   0x000002ba   0x00000000   Code   RO         1949    .ARM.Collect$$libinit$$00000004  c_w.l(libinit2.o)
    0x000002ba   0x000002ba   0x00000000   Code   RO         1952    .ARM.Collect$$libinit$$0000000A  c_w.l(libinit2.o)
    0x000002ba   0x000002ba   0x00000000   Code   RO         1954    .ARM.Collect$$libinit$$0000000C  c_w.l(libinit2.o)
    0x000002ba   0x000002ba   0x00000000   Code   RO         1956    .ARM.Collect$$libinit$$0000000E  c_w.l(libinit2.o)
    0x000002ba   0x000002ba   0x00000000   Code   RO         1959    .ARM.Collect$$libinit$$00000011  c_w.l(libinit2.o)
    0x000002ba   0x000002ba   0x00000000   Code   RO         1961    .ARM.Collect$$libinit$$00000013  c_w.l(libinit2.o)
    0x000002ba   0x000002ba   0x00000000   Code   RO         1963    .ARM.Collect$$libinit$$00000015  c_w.l(libinit2.o)
    0x000002ba   0x000002ba   0x00000000   Code   RO         1965    .ARM.Collect$$libinit$$00000017  c_w.l(libinit2.o)
    0x000002ba   0x000002ba   0x00000000   Code   RO         1967    .ARM.Collect$$libinit$$00000019  c_w.l(libinit2.o)
    0x000002ba   0x000002ba   0x00000000   Code   RO         1969    .ARM.Collect$$libinit$$0000001B  c_w.l(libinit2.o)
    0x000002ba   0x000002ba   0x00000000   Code   RO         1971    .ARM.Collect$$libinit$$0000001D  c_w.l(libinit2.o)
    0x000002ba   0x000002ba   0x00000000   Code   RO         1973    .ARM.Collect$$libinit$$0000001F  c_w.l(libinit2.o)
    0x000002ba   0x000002ba   0x00000000   Code   RO         1975    .ARM.Collect$$libinit$$00000021  c_w.l(libinit2.o)
    0x000002ba   0x000002ba   0x00000000   Code   RO         1977    .ARM.Collect$$libinit$$00000023  c_w.l(libinit2.o)
    0x000002ba   0x000002ba   0x00000000   Code   RO         1979    .ARM.Collect$$libinit$$00000025  c_w.l(libinit2.o)
    0x000002ba   0x000002ba   0x00000000   Code   RO         1983    .ARM.Collect$$libinit$$0000002C  c_w.l(libinit2.o)
    0x000002ba   0x000002ba   0x00000000   Code   RO         1985    .ARM.Collect$$libinit$$0000002E  c_w.l(libinit2.o)
    0x000002ba   0x000002ba   0x00000000   Code   RO         1987    .ARM.Collect$$libinit$$00000030  c_w.l(libinit2.o)
    0x000002ba   0x000002ba   0x00000000   Code   RO         1989    .ARM.Collect$$libinit$$00000032  c_w.l(libinit2.o)
    0x000002ba   0x000002ba   0x00000002   Code   RO         1990    .ARM.Collect$$libinit$$00000033  c_w.l(libinit2.o)
    0x000002bc   0x000002bc   0x00000002   Code   RO         2010    .ARM.Collect$$libshutdown$$00000000  c_w.l(libshutdown.o)
    0x000002be   0x000002be   0x00000000   Code   RO         2023    .ARM.Collect$$libshutdown$$00000002  c_w.l(libshutdown2.o)
    0x000002be   0x000002be   0x00000000   Code   RO         2025    .ARM.Collect$$libshutdown$$00000004  c_w.l(libshutdown2.o)
    0x000002be   0x000002be   0x00000000   Code   RO         2027    .ARM.Collect$$libshutdown$$00000006  c_w.l(libshutdown2.o)
    0x000002be   0x000002be   0x00000000   Code   RO         2030    .ARM.Collect$$libshutdown$$00000009  c_w.l(libshutdown2.o)
    0x000002be   0x000002be   0x00000000   Code   RO         2033    .ARM.Collect$$libshutdown$$0000000C  c_w.l(libshutdown2.o)
    0x000002be   0x000002be   0x00000000   Code   RO         2035    .ARM.Collect$$libshutdown$$0000000E  c_w.l(libshutdown2.o)
    0x000002be   0x000002be   0x00000000   Code   RO         2038    .ARM.Collect$$libshutdown$$00000011  c_w.l(libshutdown2.o)
    0x000002be   0x000002be   0x00000002   Code   RO         2039    .ARM.Collect$$libshutdown$$00000012  c_w.l(libshutdown2.o)
    0x000002c0   0x000002c0   0x00000000   Code   RO         1910    .ARM.Collect$$rtentry$$00000000  c_w.l(__rtentry.o)
    0x000002c0   0x000002c0   0x00000000   Code   RO         1917    .ARM.Collect$$rtentry$$00000002  c_w.l(__rtentry2.o)
    0x000002c0   0x000002c0   0x00000006   Code   RO         1929    .ARM.Collect$$rtentry$$00000004  c_w.l(__rtentry4.o)
    0x000002c6   0x000002c6   0x00000000   Code   RO         1919    .ARM.Collect$$rtentry$$00000009  c_w.l(__rtentry2.o)
    0x000002c6   0x000002c6   0x00000004   Code   RO         1920    .ARM.Collect$$rtentry$$0000000A  c_w.l(__rtentry2.o)
    0x000002ca   0x000002ca   0x00000000   Code   RO         1922    .ARM.Collect$$rtentry$$0000000C  c_w.l(__rtentry2.o)
    0x000002ca   0x000002ca   0x00000008   Code   RO         1923    .ARM.Collect$$rtentry$$0000000D  c_w.l(__rtentry2.o)
    0x000002d2   0x000002d2   0x00000002   Code   RO         1944    .ARM.Collect$$rtexit$$00000000  c_w.l(rtexit.o)
    0x000002d4   0x000002d4   0x00000000   Code   RO         1992    .ARM.Collect$$rtexit$$00000002  c_w.l(rtexit2.o)
    0x000002d4   0x000002d4   0x00000004   Code   RO         1993    .ARM.Collect$$rtexit$$00000003  c_w.l(rtexit2.o)
    0x000002d8   0x000002d8   0x00000006   Code   RO         1994    .ARM.Collect$$rtexit$$00000004  c_w.l(rtexit2.o)
    0x000002de   0x000002de   0x00000002   PAD
    0x000002e0   0x000002e0   0x00000026   Code   RO         1882    .emb_text           driverlib.lib(cpu.o)
    0x00000306   0x00000306   0x00000002   PAD
    0x00000308   0x00000308   0x0000012c   Code   RO          200  * .text               startup_tm4c129.o
    0x00000434   0x00000434   0x00000006   Code   RO         1894    .text               c_w.l(heapauxi.o)
    0x0000043a   0x0000043a   0x0000004a   Code   RO         1931    .text               c_w.l(sys_stackheap_outer.o)
    0x00000484   0x00000484   0x00000012   Code   RO         1933    .text               c_w.l(exit.o)
    0x00000496   0x00000496   0x00000002   PAD
    0x00000498   0x00000498   0x00000008   Code   RO         1941    .text               c_w.l(libspace.o)
    0x000004a0   0x000004a0   0x0000000c   Code   RO         2002    .text               c_w.l(sys_exit.o)
    0x000004ac   0x000004ac   0x00000002   Code   RO         2013    .text               c_w.l(use_no_semi.o)
    0x000004ae   0x000004ae   0x00000000   Code   RO         2015    .text               c_w.l(indicate_semi.o)
    0x000004ae   0x000004ae   0x00000002   PAD
    0x000004b0   0x000004b0   0x0000018c   Code   RO            1    i.Beep              stepper.o
    0x0000063c   0x0000063c   0x000003a0   Code   RO            2    i.Countdown         stepper.o
    0x000009dc   0x000009dc   0x0000010c   Code   RO            3    i.Date              stepper.o
    0x00000ae8   0x00000ae8   0x0000000c   Code   RO            4    i.Delay             stepper.o
    0x00000af4   0x00000af4   0x00000028   Code   RO          265    i.GPIODirModeSet    driverlib.lib(gpio.o)
    0x00000b1c   0x00000b1c   0x00000138   Code   RO          277    i.GPIOPadConfigSet  driverlib.lib(gpio.o)
    0x00000c54   0x00000c54   0x00000044   Code   RO          278    i.GPIOPinConfigure  driverlib.lib(gpio.o)
    0x00000c98   0x00000c98   0x00000006   Code   RO          279    i.GPIOPinRead       driverlib.lib(gpio.o)
    0x00000c9e   0x00000c9e   0x0000001c   Code   RO          288    i.GPIOPinTypeGPIOInput  driverlib.lib(gpio.o)
    0x00000cba   0x00000cba   0x0000001c   Code   RO          289    i.GPIOPinTypeGPIOOutput  driverlib.lib(gpio.o)
    0x00000cd6   0x00000cd6   0x0000001c   Code   RO          292    i.GPIOPinTypeI2C    driverlib.lib(gpio.o)
    0x00000cf2   0x00000cf2   0x0000001c   Code   RO          293    i.GPIOPinTypeI2CSCL  driverlib.lib(gpio.o)
    0x00000d0e   0x00000d0e   0x0000001c   Code   RO          297    i.GPIOPinTypeQEI    driverlib.lib(gpio.o)
    0x00000d2a   0x00000d2a   0x0000001c   Code   RO          301    i.GPIOPinTypeUART   driverlib.lib(gpio.o)
    0x00000d46   0x00000d46   0x00000006   Code   RO          307    i.GPIOPinWrite      driverlib.lib(gpio.o)
    0x00000d4c   0x00000d4c   0x0000008c   Code   RO            5    i.I2C0_ReadByte     stepper.o
    0x00000dd8   0x00000dd8   0x00000074   Code   RO            6    i.I2C0_WriteByte    stepper.o
    0x00000e4c   0x00000e4c   0x0000000c   Code   RO          601    i.I2CMasterBusBusy  driverlib.lib(i2c.o)
    0x00000e58   0x00000e58   0x0000000c   Code   RO          602    i.I2CMasterBusy     driverlib.lib(i2c.o)
    0x00000e64   0x00000e64   0x00000004   Code   RO          603    i.I2CMasterControl  driverlib.lib(i2c.o)
    0x00000e68   0x00000e68   0x00000004   Code   RO          604    i.I2CMasterDataGet  driverlib.lib(i2c.o)
    0x00000e6c   0x00000e6c   0x00000004   Code   RO          605    i.I2CMasterDataPut  driverlib.lib(i2c.o)
    0x00000e70   0x00000e70   0x0000000a   Code   RO          607    i.I2CMasterEnable   driverlib.lib(i2c.o)
    0x00000e7a   0x00000e7a   0x00000018   Code   RO          608    i.I2CMasterErr      driverlib.lib(i2c.o)
    0x00000e92   0x00000e92   0x00000002   PAD
    0x00000e94   0x00000e94   0x00000054   Code   RO          610    i.I2CMasterInitExpClk  driverlib.lib(i2c.o)
    0x00000ee8   0x00000ee8   0x00000008   Code   RO          620    i.I2CMasterSlaveAddrSet  driverlib.lib(i2c.o)
    0x00000ef0   0x00000ef0   0x00000064   Code   RO          929    i.IntEnable         driverlib.lib(interrupt.o)
    0x00000f54   0x00000f54   0x0000000e   Code   RO          932    i.IntMasterEnable   driverlib.lib(interrupt.o)
    0x00000f62   0x00000f62   0x00000002   PAD
    0x00000f64   0x00000f64   0x0000001c   Code   RO          937    i.IntPriorityGroupingSet  driverlib.lib(interrupt.o)
    0x00000f80   0x00000f80   0x00000028   Code   RO          940    i.IntPrioritySet    driverlib.lib(interrupt.o)
    0x00000fa8   0x00000fa8   0x0000000e   Code   RO         1044    i.QEIConfigure      driverlib.lib(qei.o)
    0x00000fb6   0x00000fb6   0x0000000a   Code   RO         1047    i.QEIEnable         driverlib.lib(qei.o)
    0x00000fc0   0x00000fc0   0x00000004   Code   RO         1058    i.QEIPositionGet    driverlib.lib(qei.o)
    0x00000fc4   0x00000fc4   0x00000134   Code   RO            7    i.Reset             stepper.o
    0x000010f8   0x000010f8   0x000000ac   Code   RO            8    i.S800_GPIO_Init    stepper.o
    0x000011a4   0x000011a4   0x00000098   Code   RO            9    i.S800_I2C0_Init    stepper.o
    0x0000123c   0x0000123c   0x00000074   Code   RO           10    i.S800_QEI_Init     stepper.o
    0x000012b0   0x000012b0   0x00000070   Code   RO           11    i.S800_UART_Init    stepper.o
    0x00001320   0x00001320   0x0000036c   Code   RO           12    i.Show_In_Seg       stepper.o
    0x0000168c   0x0000168c   0x00000454   Code   RO           13    i.Solarterms        stepper.o
    0x00001ae0   0x00001ae0   0x000003f4   Code   RO           14    i.Start             stepper.o
    0x00001ed4   0x00001ed4   0x000002ec   Code   RO         1178    i.SysCtlClockFreqSet  driverlib.lib(sysctl.o)
    0x000021c0   0x000021c0   0x00000028   Code   RO         1210    i.SysCtlPeripheralEnable  driverlib.lib(sysctl.o)
    0x000021e8   0x000021e8   0x0000002c   Code   RO         1214    i.SysCtlPeripheralReady  driverlib.lib(sysctl.o)
    0x00002214   0x00002214   0x0000000e   Code   RO         1525    i.SysTickEnable     driverlib.lib(systick.o)
    0x00002222   0x00002222   0x0000000e   Code   RO         1527    i.SysTickIntEnable  driverlib.lib(systick.o)
    0x00002230   0x00002230   0x0000000a   Code   RO         1531    i.SysTickPeriodSet  driverlib.lib(systick.o)
    0x0000223a   0x0000223a   0x00000002   PAD
    0x0000223c   0x0000223c   0x00000140   Code   RO           15    i.SysTick_Handler   stepper.o
    0x0000237c   0x0000237c   0x00000020   Code   RO          209    i.SystemInit        system_tm4c129.o
    0x0000239c   0x0000239c   0x00000408   Code   RO           16    i.Timecount         stepper.o
    0x000027a4   0x000027a4   0x00000184   Code   RO           17    i.Timeset           stepper.o
    0x00002928   0x00002928   0x000000e0   Code   RO           18    i.Timeshow          stepper.o
    0x00002a08   0x00002a08   0x0000029c   Code   RO           19    i.Translate         stepper.o
    0x00002ca4   0x00002ca4   0x0000007c   Code   RO           20    i.UART0_Handler     stepper.o
    0x00002d20   0x00002d20   0x0000000c   Code   RO         1593    i.UARTCharGet       driverlib.lib(uart.o)
    0x00002d2c   0x00002d2c   0x0000000c   Code   RO         1595    i.UARTCharPut       driverlib.lib(uart.o)
    0x00002d38   0x00002d38   0x00000010   Code   RO         1596    i.UARTCharPutNonBlocking  driverlib.lib(uart.o)
    0x00002d48   0x00002d48   0x0000000a   Code   RO         1597    i.UARTCharsAvail    driverlib.lib(uart.o)
    0x00002d52   0x00002d52   0x0000006e   Code   RO         1601    i.UARTConfigSetExpClk  driverlib.lib(uart.o)
    0x00002dc0   0x00002dc0   0x00000004   Code   RO         1614    i.UARTIntClear      driverlib.lib(uart.o)
    0x00002dc4   0x00002dc4   0x00000008   Code   RO         1616    i.UARTIntEnable     driverlib.lib(uart.o)
    0x00002dcc   0x00002dcc   0x0000000a   Code   RO         1618    i.UARTIntStatus     driverlib.lib(uart.o)
    0x00002dd6   0x00002dd6   0x00000002   PAD
    0x00002dd8   0x00002dd8   0x0000001c   Code   RO           21    i.UARTStringPut     stepper.o
    0x00002df4   0x00002df4   0x00000580   Code   RO           22    i.main              stepper.o
    0x00003374   0x00003374   0x0000005a   Code   RO         1898    x$fpl$dfixu         fz_wm.l(dfixu.o)
    0x000033ce   0x000033ce   0x00000026   Code   RO         1902    x$fpl$dfltu         fz_wm.l(dflt_clz.o)
    0x000033f4   0x000033f4   0x00000154   Code   RO         1908    x$fpl$dmul          fz_wm.l(dmul.o)
    0x00003548   0x00003548   0x0000009c   Code   RO         1911    x$fpl$dnaninf       fz_wm.l(dnaninf.o)
    0x000035e4   0x000035e4   0x0000000c   Code   RO         1913    x$fpl$dretinf       fz_wm.l(dretinf.o)
    0x000035f0   0x000035f0   0x0000000a   Code   RO         2000    x$fpl$fpinit        fz_wm.l(fpinit.o)
    0x000035fa   0x000035fa   0x00000000   Code   RO         1915    x$fpl$usenofp       fz_wm.l(usenofp.o)
    0x000035fa   0x000035fa   0x00000002   PAD
    0x000035fc   0x000035fc   0x00000228   Data   RO          309    .constdata          driverlib.lib(gpio.o)
    0x00003824   0x00003824   0x0000010c   Data   RO          945    .constdata          driverlib.lib(interrupt.o)
    0x00003930   0x00003930   0x00000254   Data   RO         1232    .constdata          driverlib.lib(sysctl.o)
    0x00003b84   0x00003b84   0x00000020   Data   RO         2070    Region$$Table       anon$$obj.o


    Execution Region ER_RW (Exec base: 0x20000000, Load base: 0x00003ba4, Size: 0x0000013c, Max: 0xffffffff, ABSOLUTE, COMPRESSED[0x00000028])

    Exec Addr    Load Addr    Size         Type   Attr      Idx    E Section Name        Object

    0x20000000   COMPRESSED   0x00000138   Data   RW           25    .data               stepper.o
    0x20000138   COMPRESSED   0x00000004   Data   RW          210    .data               system_tm4c129.o


    Execution Region ER_ZI (Exec base: 0x2000013c, Load base: 0x00003bcc, Size: 0x0000064c, Max: 0xffffffff, ABSOLUTE)

    Exec Addr    Load Addr    Size         Type   Attr      Idx    E Section Name        Object

    0x2000013c        -       0x000003e8   Zero   RW           23    .bss                stepper.o
    0x20000524        -       0x00000060   Zero   RW         1942    .bss                c_w.l(libspace.o)
    0x20000584   0x00003bcc   0x00000004   PAD
    0x20000588        -       0x00000000   Zero   RW          198    HEAP                startup_tm4c129.o
    0x20000588        -       0x00000200   Zero   RW          197    STACK               startup_tm4c129.o


==============================================================================

Image component sizes


      Code (inc. data)   RO Data    RW Data    ZI Data      Debug   Object Name

       300         22        512          0        512       6028   startup_tm4c129.o
      9908       1054          0        312       1000      25156   stepper.o
        32         12          0          4          0        699   system_tm4c129.o

    ----------------------------------------------------------------------
     10240       1088        544        316       1512      31883   Object Totals
         0          0         32          0          0          0   (incl. Generated)
         0          0          0          0          0          0   (incl. Padding)

    ----------------------------------------------------------------------

      Code (inc. data)   RO Data    RW Data    ZI Data      Debug   Library Member Name

        90          0          0          0          0          0   __dczerorl2.o
         8          0          0          0          0         68   __main.o
         0          0          0          0          0          0   __rtentry.o
        12          0          0          0          0          0   __rtentry2.o
         6          0          0          0          0          0   __rtentry4.o
        52          8          0          0          0          0   __scatter.o
        28          0          0          0          0          0   __scatter_zi.o
        18          0          0          0          0         80   exit.o
         6          0          0          0          0        152   heapauxi.o
         0          0          0          0          0          0   indicate_semi.o
         2          0          0          0          0          0   libinit.o
         6          0          0          0          0          0   libinit2.o
         2          0          0          0          0          0   libshutdown.o
         2          0          0          0          0          0   libshutdown2.o
         8          4          0          0         96         68   libspace.o
         2          0          0          0          0          0   rtexit.o
        10          0          0          0          0          0   rtexit2.o
        12          4          0          0          0         68   sys_exit.o
        74          0          0          0          0         80   sys_stackheap_outer.o
         2          0          0          0          0         68   use_no_semi.o
        38          0          0          0          0        560   cpu.o
       600          8        552          0          0      10983   gpio.o
       162         12          0          0          0       5710   i2c.o
       182         20        268          0          0       3112   interrupt.o
        28          0          0          0          0       1532   qei.o
       832         50        596          0          0       5390   sysctl.o
        38          0          0          0          0       1394   systick.o
       182          0          0          0          0       5388   uart.o
        90          4          0          0          0        140   dfixu.o
        38          0          0          0          0        116   dflt_clz.o
       340         12          0          0          0        152   dmul.o
       156          4          0          0          0        140   dnaninf.o
        12          0          0          0          0        116   dretinf.o
        10          0          0          0          0        116   fpinit.o
         0          0          0          0          0          0   usenofp.o

    ----------------------------------------------------------------------
      3068        126       1416          0        100      35433   Library Totals
        20          0          0          0          4          0   (incl. Padding)

    ----------------------------------------------------------------------

      Code (inc. data)   RO Data    RW Data    ZI Data      Debug   Library Name

       340         16          0          0         96        584   c_w.l
      2062         90       1416          0          0      34069   driverlib.lib
       646         20          0          0          0        780   fz_wm.l

    ----------------------------------------------------------------------
      3068        126       1416          0        100      35433   Library Totals

    ----------------------------------------------------------------------

==============================================================================


      Code (inc. data)   RO Data    RW Data    ZI Data      Debug   

     13308       1214       1960        316       1612      60960   Grand Totals
     13308       1214       1960         40       1612      60960   ELF Image Totals (compressed)
     13308       1214       1960         40          0          0   ROM Totals

==============================================================================

    Total RO  Size (Code + RO Data)                15268 (  14.91kB)
    Total RW  Size (RW Data + ZI Data)              1928 (   1.88kB)
    Total ROM Size (Code + RO Data + RW Data)      15308 (  14.95kB)

==============================================================================

